Component: ARM Compiler 5.06 update 7 (build 960) Tool: armlink [4d3601]

==============================================================================

Section Cross References

    startup_lpc17xx.o(STACK) refers (Special) to heapauxi.o(.text) for __use_two_region_memory
    startup_lpc17xx.o(HEAP) refers (Special) to heapauxi.o(.text) for __use_two_region_memory
    startup_lpc17xx.o(RESET) refers (Special) to heapauxi.o(.text) for __use_two_region_memory
    startup_lpc17xx.o(RESET) refers to startup_lpc17xx.o(STACK) for __initial_sp
    startup_lpc17xx.o(RESET) refers to startup_lpc17xx.o(.text) for Reset_Handler
    startup_lpc17xx.o(RESET) refers to irq_timer.o(.text) for TIMER0_IRQHandler
    startup_lpc17xx.o(RESET) refers to irq_button.o(.text) for EINT0_IRQHandler
    startup_lpc17xx.o(RESET) refers to irq_rit.o(.text) for RIT_IRQHandler
    startup_lpc17xx.o(.ARM.__at_0x02FC) refers (Special) to heapauxi.o(.text) for __use_two_region_memory
    startup_lpc17xx.o(.text) refers (Special) to heapauxi.o(.text) for __use_two_region_memory
    startup_lpc17xx.o(.text) refers to __main.o(!!!main) for __main
    startup_lpc17xx.o(.text) refers to startup_lpc17xx.o(HEAP) for Heap_Mem
    startup_lpc17xx.o(.text) refers to startup_lpc17xx.o(STACK) for Stack_Mem
    sample.o(.text) refers to system_lpc17xx.o(.text) for SystemInit
    sample.o(.text) refers to lib_button.o(.text) for BUTTON_init
    sample.o(.text) refers to lib_joystick.o(.text) for joystick_init
    sample.o(.text) refers to lib_rit.o(.text) for init_RIT
    sample.o(.text) refers to lib_timer.o(.text) for init_timer
    sample.o(.text) refers to glcd.o(.text) for LCD_Initialization
    sample.o(.text) refers to graphic.o(.text) for init_game
    system_lpc17xx.o(.text) refers to system_lpc17xx.o(.data) for SystemFrequency
    irq_timer.o(.text) refers to _printf_percent.o(.ARM.Collect$$_printf_percent$$00000000) for _printf_percent
    irq_timer.o(.text) refers to _printf_i.o(.ARM.Collect$$_printf_percent$$00000008) for _printf_i
    irq_timer.o(.text) refers to _printf_dec.o(.text) for _printf_int_dec
    irq_timer.o(.text) refers to board.o(.text) for checkWinner
    irq_timer.o(.text) refers to lib_rit.o(.text) for init_RIT
    irq_timer.o(.text) refers to glcd.o(.text) for GUI_Text
    irq_timer.o(.text) refers to graphic.o(.text) for delete_movement
    irq_timer.o(.text) refers to noretval__2sprintf.o(.text) for __2sprintf
    irq_timer.o(.text) refers to move.o(.text) for saveMove
    irq_timer.o(.text) refers to lib_timer.o(.text) for enable_timer
    irq_timer.o(.text) refers to graphic.o(.data) for distance_cell_tot
    irq_timer.o(.text) refers to sample.o(.data) for player
    graphic.o(.text) refers to _printf_percent.o(.ARM.Collect$$_printf_percent$$00000000) for _printf_percent
    graphic.o(.text) refers to _printf_i.o(.ARM.Collect$$_printf_percent$$00000008) for _printf_i
    graphic.o(.text) refers to _printf_dec.o(.text) for _printf_int_dec
    graphic.o(.text) refers to glcd.o(.text) for LCD_DrawLine
    graphic.o(.text) refers to board.o(.text) for movePlayer
    graphic.o(.text) refers to graphic.o(.data) for color_player1
    graphic.o(.text) refers to sample.o(.data) for player
    graphic.o(.text) refers to noretval__2sprintf.o(.text) for __2sprintf
    graphic.o(.text) refers to board.o(.data) for wallsPlayer1
    graphic.o(.text) refers to lib_timer.o(.text) for enable_timer
    board.o(.text) refers to move.o(.text) for saveMove
    board.o(.text) refers to board.o(.bss) for board
    board.o(.text) refers to board.o(.data) for player1
    move.o(.text) refers to move.o(.data) for mv
    asciilib.o(.text) refers to rt_memcpy_v6.o(.text) for __aeabi_memcpy
    asciilib.o(.text) refers to asciilib.o(.constdata) for AsciiLib
    glcd.o(.text) refers to glcd.o(.data) for LCD_Code
    glcd.o(.text) refers to asciilib.o(.text) for GetASCIICode
    hzlib.o(.text) refers to rt_memcpy_v6.o(.text) for __aeabi_memcpy
    hzlib.o(.text) refers to hzlib.o(.constdata) for HzLib
    irq_rit.o(.text) refers to graphic.o(.text) for confirm_player_movement
    irq_rit.o(.text) refers to sample.o(.data) for player
    irq_rit.o(.text) refers to graphic.o(.data) for player_position1
    irq_rit.o(.text) refers to irq_rit.o(.data) for select
    irq_button.o(.text) refers to graphic.o(.text) for create_barrier
    irq_button.o(.text) refers to glcd.o(.text) for GUI_Text
    irq_button.o(.text) refers to lib_rit.o(.text) for init_RIT
    irq_button.o(.text) refers to sample.o(.data) for barrier
    irq_button.o(.text) refers to board.o(.data) for wallsPlayer1
    irq_button.o(.text) refers to graphic.o(.data) for movement_position
    touchpanel.o(.text) refers to glcd.o(.text) for LCD_SetPoint
    touchpanel.o(.text) refers to rt_memclr_w.o(.text) for __aeabi_memclr4
    touchpanel.o(.text) refers to dflt_clz.o(x$fpl$dflt) for __aeabi_i2d
    touchpanel.o(.text) refers to deqf.o(x$fpl$deqf) for __aeabi_cdcmpeq
    touchpanel.o(.text) refers to dflt_clz.o(x$fpl$dfltu) for __aeabi_ui2d
    touchpanel.o(.text) refers to dmul.o(x$fpl$dmul) for __aeabi_dmul
    touchpanel.o(.text) refers to daddsub_clz.o(x$fpl$dadd) for __aeabi_dadd
    touchpanel.o(.text) refers to ddiv.o(x$fpl$ddiv) for __aeabi_ddiv
    touchpanel.o(.text) refers to dfixu.o(x$fpl$dfixu) for __aeabi_d2uiz
    touchpanel.o(.text) refers to touchpanel.o(.data) for screen
    touchpanel.o(.text) refers to touchpanel.o(.bss) for ScreenSample
    __2sprintf.o(.text) refers to _printf_char_common.o(.text) for _printf_char_common
    __2sprintf.o(.text) refers to _sputc.o(.text) for _sputc
    noretval__2sprintf.o(.text) refers to _printf_char_common.o(.text) for _printf_char_common
    noretval__2sprintf.o(.text) refers to _sputc.o(.text) for _sputc
    __printf.o(.text) refers to _printf_percent.o(.ARM.Collect$$_printf_percent$$00000000) for _printf_percent
    _printf_dec.o(.text) refers to _printf_intcommon.o(.text) for _printf_int_common
    __printf_flags.o(.text) refers to _printf_percent.o(.ARM.Collect$$_printf_percent$$00000000) for _printf_percent
    __printf_flags.o(.text) refers to __printf_flags.o(.constdata) for .constdata
    __printf_ss.o(.text) refers to _printf_percent.o(.ARM.Collect$$_printf_percent$$00000000) for _printf_percent
    __printf_flags_ss.o(.text) refers to _printf_percent.o(.ARM.Collect$$_printf_percent$$00000000) for _printf_percent
    __printf_flags_ss.o(.text) refers to __printf_flags_ss.o(.constdata) for .constdata
    __printf_wp.o(.text) refers to __printf_wp.o(i._is_digit) for _is_digit
    __printf_wp.o(.text) refers to _printf_percent.o(.ARM.Collect$$_printf_percent$$00000000) for _printf_percent
    __printf_flags_wp.o(.text) refers to __printf_wp.o(i._is_digit) for _is_digit
    __printf_flags_wp.o(.text) refers to _printf_percent.o(.ARM.Collect$$_printf_percent$$00000000) for _printf_percent
    __printf_flags_wp.o(.text) refers to __printf_flags_wp.o(.constdata) for .constdata
    __printf_ss_wp.o(.text) refers to __printf_wp.o(i._is_digit) for _is_digit
    __printf_ss_wp.o(.text) refers to _printf_percent.o(.ARM.Collect$$_printf_percent$$00000000) for _printf_percent
    __printf_flags_ss_wp.o(.text) refers to __printf_wp.o(i._is_digit) for _is_digit
    __printf_flags_ss_wp.o(.text) refers to _printf_percent.o(.ARM.Collect$$_printf_percent$$00000000) for _printf_percent
    __printf_flags_ss_wp.o(.text) refers to __printf_flags_ss_wp.o(.constdata) for .constdata
    _printf_i.o(.ARM.Collect$$_printf_percent$$00000008) refers (Weak) to _printf_dec.o(.text) for _printf_int_dec
    _printf_percent.o(.ARM.Collect$$_printf_percent$$00000000) refers (Special) to _printf_percent_end.o(.ARM.Collect$$_printf_percent$$00000017) for _printf_percent_end
    rt_memcpy_v6.o(.text) refers to rt_memcpy_w.o(.text) for __aeabi_memcpy4
    __main.o(!!!main) refers to __rtentry.o(.ARM.Collect$$rtentry$$00000000) for __rt_entry
    daddsub_clz.o(x$fpl$dadd) refers (Special) to usenofp.o(x$fpl$usenofp) for __I$use$fp
    daddsub_clz.o(x$fpl$dadd) refers to daddsub_clz.o(x$fpl$dsub) for _dsub1
    daddsub_clz.o(x$fpl$dadd) refers to dretinf.o(x$fpl$dretinf) for __fpl_dretinf
    daddsub_clz.o(x$fpl$dadd) refers to dnaninf.o(x$fpl$dnaninf) for __fpl_dnaninf
    daddsub_clz.o(x$fpl$drsb) refers (Special) to usenofp.o(x$fpl$usenofp) for __I$use$fp
    daddsub_clz.o(x$fpl$drsb) refers to daddsub_clz.o(x$fpl$dadd) for _dadd1
    daddsub_clz.o(x$fpl$drsb) refers to daddsub_clz.o(x$fpl$dsub) for _dsub1
    daddsub_clz.o(x$fpl$dsub) refers (Special) to usenofp.o(x$fpl$usenofp) for __I$use$fp
    daddsub_clz.o(x$fpl$dsub) refers to daddsub_clz.o(x$fpl$dadd) for _dadd1
    daddsub_clz.o(x$fpl$dsub) refers to dnaninf.o(x$fpl$dnaninf) for __fpl_dnaninf
    ddiv.o(x$fpl$drdiv) refers (Special) to usenofp.o(x$fpl$usenofp) for __I$use$fp
    ddiv.o(x$fpl$drdiv) refers to ddiv.o(x$fpl$ddiv) for ddiv_entry
    ddiv.o(x$fpl$ddiv) refers (Special) to usenofp.o(x$fpl$usenofp) for __I$use$fp
    ddiv.o(x$fpl$ddiv) refers to dretinf.o(x$fpl$dretinf) for __fpl_dretinf
    ddiv.o(x$fpl$ddiv) refers to dnaninf.o(x$fpl$dnaninf) for __fpl_dnaninf
    deqf.o(x$fpl$deqf) refers (Special) to usenofp.o(x$fpl$usenofp) for __I$use$fp
    deqf.o(x$fpl$deqf) refers to dnaninf.o(x$fpl$dnaninf) for __fpl_dnaninf
    deqf.o(x$fpl$deqf) refers to dcmpi.o(x$fpl$dcmpinf) for __fpl_dcmp_Inf
    dfixu.o(x$fpl$dfixu) refers (Special) to usenofp.o(x$fpl$usenofp) for __I$use$fp
    dfixu.o(x$fpl$dfixu) refers to dnaninf.o(x$fpl$dnaninf) for __fpl_dnaninf
    dfixu.o(x$fpl$dfixur) refers (Special) to usenofp.o(x$fpl$usenofp) for __I$use$fp
    dfixu.o(x$fpl$dfixur) refers to dnaninf.o(x$fpl$dnaninf) for __fpl_dnaninf
    dflt_clz.o(x$fpl$dfltu) refers (Special) to usenofp.o(x$fpl$usenofp) for __I$use$fp
    dflt_clz.o(x$fpl$dflt) refers (Special) to usenofp.o(x$fpl$usenofp) for __I$use$fp
    dflt_clz.o(x$fpl$dfltn) refers (Special) to usenofp.o(x$fpl$usenofp) for __I$use$fp
    dmul.o(x$fpl$dmul) refers (Special) to usenofp.o(x$fpl$usenofp) for __I$use$fp
    dmul.o(x$fpl$dmul) refers to dretinf.o(x$fpl$dretinf) for __fpl_dretinf
    dmul.o(x$fpl$dmul) refers to dnaninf.o(x$fpl$dnaninf) for __fpl_dnaninf
    __rtentry.o(.ARM.Collect$$rtentry$$00000000) refers (Special) to __rtentry2.o(.ARM.Collect$$rtentry$$0000000A) for __rt_entry_li
    __rtentry.o(.ARM.Collect$$rtentry$$00000000) refers (Special) to __rtentry2.o(.ARM.Collect$$rtentry$$0000000D) for __rt_entry_main
    __rtentry.o(.ARM.Collect$$rtentry$$00000000) refers (Special) to __rtentry2.o(.ARM.Collect$$rtentry$$0000000C) for __rt_entry_postli_1
    __rtentry.o(.ARM.Collect$$rtentry$$00000000) refers (Special) to __rtentry2.o(.ARM.Collect$$rtentry$$00000009) for __rt_entry_postsh_1
    __rtentry.o(.ARM.Collect$$rtentry$$00000000) refers (Special) to __rtentry2.o(.ARM.Collect$$rtentry$$00000002) for __rt_entry_presh_1
    __rtentry.o(.ARM.Collect$$rtentry$$00000000) refers (Special) to __rtentry4.o(.ARM.Collect$$rtentry$$00000004) for __rt_entry_sh
    _printf_char_common.o(.text) refers to __printf.o(.text) for __printf
    dcmpi.o(x$fpl$dcmpinf) refers (Special) to usenofp.o(x$fpl$usenofp) for __I$use$fp
    dnaninf.o(x$fpl$dnaninf) refers (Special) to usenofp.o(x$fpl$usenofp) for __I$use$fp
    dretinf.o(x$fpl$dretinf) refers (Special) to usenofp.o(x$fpl$usenofp) for __I$use$fp
    __rtentry2.o(.ARM.Collect$$rtentry$$00000008) refers to boardinit2.o(.text) for _platform_post_stackheap_init
    __rtentry2.o(.ARM.Collect$$rtentry$$0000000A) refers to libinit.o(.ARM.Collect$$libinit$$00000000) for __rt_lib_init
    __rtentry2.o(.ARM.Collect$$rtentry$$0000000B) refers to boardinit3.o(.text) for _platform_post_lib_init
    __rtentry2.o(.ARM.Collect$$rtentry$$0000000D) refers to sample.o(.text) for main
    __rtentry2.o(.ARM.Collect$$rtentry$$0000000D) refers to exit.o(.text) for exit
    __rtentry2.o(.ARM.exidx) refers to __rtentry2.o(.ARM.Collect$$rtentry$$00000001) for .ARM.Collect$$rtentry$$00000001
    __rtentry2.o(.ARM.exidx) refers to __rtentry2.o(.ARM.Collect$$rtentry$$00000008) for .ARM.Collect$$rtentry$$00000008
    __rtentry2.o(.ARM.exidx) refers to __rtentry2.o(.ARM.Collect$$rtentry$$0000000A) for .ARM.Collect$$rtentry$$0000000A
    __rtentry2.o(.ARM.exidx) refers to __rtentry2.o(.ARM.Collect$$rtentry$$0000000B) for .ARM.Collect$$rtentry$$0000000B
    __rtentry2.o(.ARM.exidx) refers to __rtentry2.o(.ARM.Collect$$rtentry$$0000000D) for .ARM.Collect$$rtentry$$0000000D
    __rtentry4.o(.ARM.Collect$$rtentry$$00000004) refers to sys_stackheap_outer.o(.text) for __user_setup_stackheap
    __rtentry4.o(.ARM.exidx) refers to __rtentry4.o(.ARM.Collect$$rtentry$$00000004) for .ARM.Collect$$rtentry$$00000004
    sys_stackheap_outer.o(.text) refers to libspace.o(.text) for __user_perproc_libspace
    sys_stackheap_outer.o(.text) refers to startup_lpc17xx.o(.text) for __user_initial_stackheap
    exit.o(.text) refers to rtexit.o(.ARM.Collect$$rtexit$$00000000) for __rt_exit
    libinit.o(.ARM.Collect$$libinit$$00000000) refers (Special) to libinit2.o(.ARM.Collect$$libinit$$0000002E) for __rt_lib_init_alloca_1
    libinit.o(.ARM.Collect$$libinit$$00000000) refers (Special) to libinit2.o(.ARM.Collect$$libinit$$0000002C) for __rt_lib_init_argv_1
    libinit.o(.ARM.Collect$$libinit$$00000000) refers (Special) to libinit2.o(.ARM.Collect$$libinit$$0000001B) for __rt_lib_init_atexit_1
    libinit.o(.ARM.Collect$$libinit$$00000000) refers (Special) to libinit2.o(.ARM.Collect$$libinit$$00000021) for __rt_lib_init_clock_1
    libinit.o(.ARM.Collect$$libinit$$00000000) refers (Special) to libinit2.o(.ARM.Collect$$libinit$$00000032) for __rt_lib_init_cpp_1
    libinit.o(.ARM.Collect$$libinit$$00000000) refers (Special) to libinit2.o(.ARM.Collect$$libinit$$00000030) for __rt_lib_init_exceptions_1
    libinit.o(.ARM.Collect$$libinit$$00000000) refers (Special) to libinit2.o(.ARM.Collect$$libinit$$00000002) for __rt_lib_init_fp_1
    libinit.o(.ARM.Collect$$libinit$$00000000) refers (Special) to libinit2.o(.ARM.Collect$$libinit$$0000001F) for __rt_lib_init_fp_trap_1
    libinit.o(.ARM.Collect$$libinit$$00000000) refers (Special) to libinit2.o(.ARM.Collect$$libinit$$00000023) for __rt_lib_init_getenv_1
    libinit.o(.ARM.Collect$$libinit$$00000000) refers (Special) to libinit2.o(.ARM.Collect$$libinit$$0000000A) for __rt_lib_init_heap_1
    libinit.o(.ARM.Collect$$libinit$$00000000) refers (Special) to libinit2.o(.ARM.Collect$$libinit$$00000011) for __rt_lib_init_lc_collate_1
    libinit.o(.ARM.Collect$$libinit$$00000000) refers (Special) to libinit2.o(.ARM.Collect$$libinit$$00000013) for __rt_lib_init_lc_ctype_1
    libinit.o(.ARM.Collect$$libinit$$00000000) refers (Special) to libinit2.o(.ARM.Collect$$libinit$$00000015) for __rt_lib_init_lc_monetary_1
    libinit.o(.ARM.Collect$$libinit$$00000000) refers (Special) to libinit2.o(.ARM.Collect$$libinit$$00000017) for __rt_lib_init_lc_numeric_1
    libinit.o(.ARM.Collect$$libinit$$00000000) refers (Special) to libinit2.o(.ARM.Collect$$libinit$$00000019) for __rt_lib_init_lc_time_1
    libinit.o(.ARM.Collect$$libinit$$00000000) refers (Special) to libinit2.o(.ARM.Collect$$libinit$$00000004) for __rt_lib_init_preinit_1
    libinit.o(.ARM.Collect$$libinit$$00000000) refers (Special) to libinit2.o(.ARM.Collect$$libinit$$0000000E) for __rt_lib_init_rand_1
    libinit.o(.ARM.Collect$$libinit$$00000000) refers (Special) to libinit2.o(.ARM.Collect$$libinit$$00000033) for __rt_lib_init_return
    libinit.o(.ARM.Collect$$libinit$$00000000) refers (Special) to libinit2.o(.ARM.Collect$$libinit$$0000001D) for __rt_lib_init_signal_1
    libinit.o(.ARM.Collect$$libinit$$00000000) refers (Special) to libinit2.o(.ARM.Collect$$libinit$$00000025) for __rt_lib_init_stdio_1
    libinit.o(.ARM.Collect$$libinit$$00000000) refers (Special) to libinit2.o(.ARM.Collect$$libinit$$0000000C) for __rt_lib_init_user_alloc_1
    libspace.o(.text) refers to libspace.o(.bss) for __libspace_start
    rtexit.o(.ARM.Collect$$rtexit$$00000000) refers (Special) to rtexit2.o(.ARM.Collect$$rtexit$$00000004) for __rt_exit_exit
    rtexit.o(.ARM.Collect$$rtexit$$00000000) refers (Special) to rtexit2.o(.ARM.Collect$$rtexit$$00000003) for __rt_exit_ls
    rtexit.o(.ARM.Collect$$rtexit$$00000000) refers (Special) to rtexit2.o(.ARM.Collect$$rtexit$$00000002) for __rt_exit_prels_1
    rtexit.o(.ARM.exidx) refers (Special) to rtexit2.o(.ARM.Collect$$rtexit$$00000004) for __rt_exit_exit
    rtexit.o(.ARM.exidx) refers (Special) to rtexit2.o(.ARM.Collect$$rtexit$$00000003) for __rt_exit_ls
    rtexit.o(.ARM.exidx) refers (Special) to rtexit2.o(.ARM.Collect$$rtexit$$00000002) for __rt_exit_prels_1
    rtexit.o(.ARM.exidx) refers to rtexit.o(.ARM.Collect$$rtexit$$00000000) for .ARM.Collect$$rtexit$$00000000
    libinit2.o(.ARM.Collect$$libinit$$00000010) refers to libinit2.o(.ARM.Collect$$libinit$$0000000F) for .ARM.Collect$$libinit$$0000000F
    libinit2.o(.ARM.Collect$$libinit$$00000012) refers to libinit2.o(.ARM.Collect$$libinit$$0000000F) for .ARM.Collect$$libinit$$0000000F
    libinit2.o(.ARM.Collect$$libinit$$00000014) refers to libinit2.o(.ARM.Collect$$libinit$$0000000F) for .ARM.Collect$$libinit$$0000000F
    libinit2.o(.ARM.Collect$$libinit$$00000016) refers to libinit2.o(.ARM.Collect$$libinit$$0000000F) for .ARM.Collect$$libinit$$0000000F
    libinit2.o(.ARM.Collect$$libinit$$00000018) refers to libinit2.o(.ARM.Collect$$libinit$$0000000F) for .ARM.Collect$$libinit$$0000000F
    libinit2.o(.ARM.Collect$$libinit$$00000026) refers to argv_veneer.o(.emb_text) for __ARM_argv_veneer
    libinit2.o(.ARM.Collect$$libinit$$00000027) refers to argv_veneer.o(.emb_text) for __ARM_argv_veneer
    rtexit2.o(.ARM.Collect$$rtexit$$00000003) refers to libshutdown.o(.ARM.Collect$$libshutdown$$00000000) for __rt_lib_shutdown
    rtexit2.o(.ARM.Collect$$rtexit$$00000004) refers to sys_exit.o(.text) for _sys_exit
    rtexit2.o(.ARM.exidx) refers to rtexit2.o(.ARM.Collect$$rtexit$$00000001) for .ARM.Collect$$rtexit$$00000001
    rtexit2.o(.ARM.exidx) refers to rtexit2.o(.ARM.Collect$$rtexit$$00000003) for .ARM.Collect$$rtexit$$00000003
    rtexit2.o(.ARM.exidx) refers to rtexit2.o(.ARM.Collect$$rtexit$$00000004) for .ARM.Collect$$rtexit$$00000004
    argv_veneer.o(.emb_text) refers to no_argv.o(.text) for __ARM_get_argv
    sys_exit.o(.text) refers (Special) to use_no_semi.o(.text) for __I$use$semihosting
    sys_exit.o(.text) refers (Special) to indicate_semi.o(.text) for __semihosting_library_function
    _get_argv_nomalloc.o(.text) refers (Special) to hrguard.o(.text) for __heap_region$guard
    _get_argv_nomalloc.o(.text) refers to defsig_rtmem_outer.o(.text) for __rt_SIGRTMEM
    _get_argv_nomalloc.o(.text) refers to sys_command.o(.text) for _sys_command_string
    libshutdown.o(.ARM.Collect$$libshutdown$$00000000) refers (Special) to libshutdown2.o(.ARM.Collect$$libshutdown$$00000004) for __rt_lib_shutdown_cpp_1
    libshutdown.o(.ARM.Collect$$libshutdown$$00000000) refers (Special) to libshutdown2.o(.ARM.Collect$$libshutdown$$00000002) for __rt_lib_shutdown_fini_1
    libshutdown.o(.ARM.Collect$$libshutdown$$00000000) refers (Special) to libshutdown2.o(.ARM.Collect$$libshutdown$$00000009) for __rt_lib_shutdown_fp_trap_1
    libshutdown.o(.ARM.Collect$$libshutdown$$00000000) refers (Special) to libshutdown2.o(.ARM.Collect$$libshutdown$$00000011) for __rt_lib_shutdown_heap_1
    libshutdown.o(.ARM.Collect$$libshutdown$$00000000) refers (Special) to libshutdown2.o(.ARM.Collect$$libshutdown$$00000012) for __rt_lib_shutdown_return
    libshutdown.o(.ARM.Collect$$libshutdown$$00000000) refers (Special) to libshutdown2.o(.ARM.Collect$$libshutdown$$0000000C) for __rt_lib_shutdown_signal_1
    libshutdown.o(.ARM.Collect$$libshutdown$$00000000) refers (Special) to libshutdown2.o(.ARM.Collect$$libshutdown$$00000006) for __rt_lib_shutdown_stdio_1
    libshutdown.o(.ARM.Collect$$libshutdown$$00000000) refers (Special) to libshutdown2.o(.ARM.Collect$$libshutdown$$0000000E) for __rt_lib_shutdown_user_alloc_1
    sys_command.o(.text) refers (Special) to use_no_semi.o(.text) for __I$use$semihosting
    sys_command.o(.text) refers (Special) to indicate_semi.o(.text) for __semihosting_library_function
    defsig_rtmem_outer.o(.text) refers to defsig_rtmem_inner.o(.text) for __rt_SIGRTMEM_inner
    defsig_rtmem_outer.o(.text) refers to defsig_exit.o(.text) for __sig_exit
    defsig_rtmem_formal.o(.text) refers to rt_raise.o(.text) for __rt_raise
    rt_raise.o(.text) refers to __raise.o(.text) for __raise
    rt_raise.o(.text) refers to sys_exit.o(.text) for _sys_exit
    defsig_exit.o(.text) refers to sys_exit.o(.text) for _sys_exit
    defsig_rtmem_inner.o(.text) refers to defsig_general.o(.text) for __default_signal_display
    __raise.o(.text) refers to defsig.o(CL$$defsig) for __default_signal_handler
    defsig_general.o(.text) refers to sys_wrch.o(.text) for _ttywrch
    sys_wrch.o(.text) refers (Special) to use_no_semi.o(.text) for __I$use$semihosting
    sys_wrch.o(.text) refers (Special) to indicate_semi.o(.text) for __semihosting_library_function
    defsig.o(CL$$defsig) refers to defsig_rtmem_inner.o(.text) for __rt_SIGRTMEM_inner
    defsig_abrt_inner.o(.text) refers to defsig_general.o(.text) for __default_signal_display
    defsig_fpe_inner.o(.text) refers to defsig_general.o(.text) for __default_signal_display
    defsig_rtred_inner.o(.text) refers to defsig_general.o(.text) for __default_signal_display
    defsig_stak_inner.o(.text) refers to defsig_general.o(.text) for __default_signal_display
    defsig_pvfn_inner.o(.text) refers to defsig_general.o(.text) for __default_signal_display
    defsig_cppl_inner.o(.text) refers to defsig_general.o(.text) for __default_signal_display
    defsig_segv_inner.o(.text) refers to defsig_general.o(.text) for __default_signal_display
    defsig_other.o(.text) refers to defsig_general.o(.text) for __default_signal_display


==============================================================================

Removing Unused input sections from the image.

    Removing sample.o(.rev16_text), (4 bytes).
    Removing sample.o(.revsh_text), (4 bytes).
    Removing sample.o(.rrx_text), (6 bytes).
    Removing core_cm3.o(.emb_text), (32 bytes).
    Removing system_lpc17xx.o(.rev16_text), (4 bytes).
    Removing system_lpc17xx.o(.revsh_text), (4 bytes).
    Removing system_lpc17xx.o(.rrx_text), (6 bytes).
    Removing irq_timer.o(.rev16_text), (4 bytes).
    Removing irq_timer.o(.revsh_text), (4 bytes).
    Removing irq_timer.o(.rrx_text), (6 bytes).
    Removing lib_timer.o(.rev16_text), (4 bytes).
    Removing lib_timer.o(.revsh_text), (4 bytes).
    Removing lib_timer.o(.rrx_text), (6 bytes).
    Removing graphic.o(.rev16_text), (4 bytes).
    Removing graphic.o(.revsh_text), (4 bytes).
    Removing graphic.o(.rrx_text), (6 bytes).
    Removing glcd.o(.rev16_text), (4 bytes).
    Removing glcd.o(.revsh_text), (4 bytes).
    Removing glcd.o(.rrx_text), (6 bytes).
    Removing hzlib.o(.text), (52 bytes).
    Removing hzlib.o(.constdata), (216576 bytes).
    Removing irq_rit.o(.rev16_text), (4 bytes).
    Removing irq_rit.o(.revsh_text), (4 bytes).
    Removing irq_rit.o(.rrx_text), (6 bytes).
    Removing lib_rit.o(.rev16_text), (4 bytes).
    Removing lib_rit.o(.revsh_text), (4 bytes).
    Removing lib_rit.o(.rrx_text), (6 bytes).
    Removing irq_button.o(.rev16_text), (4 bytes).
    Removing irq_button.o(.revsh_text), (4 bytes).
    Removing irq_button.o(.rrx_text), (6 bytes).
    Removing lib_button.o(.rev16_text), (4 bytes).
    Removing lib_button.o(.revsh_text), (4 bytes).
    Removing lib_button.o(.rrx_text), (6 bytes).
    Removing lib_joystick.o(.rev16_text), (4 bytes).
    Removing lib_joystick.o(.revsh_text), (4 bytes).
    Removing lib_joystick.o(.rrx_text), (6 bytes).
    Removing funct_joystick.o(.rev16_text), (4 bytes).
    Removing funct_joystick.o(.revsh_text), (4 bytes).
    Removing funct_joystick.o(.rrx_text), (6 bytes).
    Removing funct_joystick.o(.text), (2 bytes).
    Removing touchpanel.o(.rev16_text), (4 bytes).
    Removing touchpanel.o(.revsh_text), (4 bytes).
    Removing touchpanel.o(.rrx_text), (6 bytes).
    Removing touchpanel.o(.text), (2424 bytes).
    Removing touchpanel.o(.bss), (68 bytes).
    Removing touchpanel.o(.data), (20 bytes).

46 unused section(s) (total 219356 bytes) removed from the image.

==============================================================================

Image Symbol Table

    Local Symbols

    Symbol Name                              Value     Ov Type        Size  Object(Section)

    RESET                                    0x00000000   Section      204  startup_lpc17xx.o(RESET)
    ../clib/angel/boardlib.s                 0x00000000   Number         0  boardinit3.o ABSOLUTE
    ../clib/angel/boardlib.s                 0x00000000   Number         0  boardinit2.o ABSOLUTE
    ../clib/angel/boardlib.s                 0x00000000   Number         0  boardshut.o ABSOLUTE
    ../clib/angel/boardlib.s                 0x00000000   Number         0  boardinit1.o ABSOLUTE
    ../clib/angel/dczerorl2.s                0x00000000   Number         0  __dczerorl2.o ABSOLUTE
    ../clib/angel/handlers.s                 0x00000000   Number         0  __scatter_copy.o ABSOLUTE
    ../clib/angel/handlers.s                 0x00000000   Number         0  __scatter_zi.o ABSOLUTE
    ../clib/angel/kernel.s                   0x00000000   Number         0  __rtentry.o ABSOLUTE
    ../clib/angel/kernel.s                   0x00000000   Number         0  __rtentry4.o ABSOLUTE
    ../clib/angel/kernel.s                   0x00000000   Number         0  rtexit2.o ABSOLUTE
    ../clib/angel/kernel.s                   0x00000000   Number         0  rtexit.o ABSOLUTE
    ../clib/angel/kernel.s                   0x00000000   Number         0  __rtentry2.o ABSOLUTE
    ../clib/angel/rt.s                       0x00000000   Number         0  rt_raise.o ABSOLUTE
    ../clib/angel/scatter.s                  0x00000000   Number         0  __scatter.o ABSOLUTE
    ../clib/angel/startup.s                  0x00000000   Number         0  __main.o ABSOLUTE
    ../clib/angel/sys.s                      0x00000000   Number         0  use_no_semi.o ABSOLUTE
    ../clib/angel/sys.s                      0x00000000   Number         0  libspace.o ABSOLUTE
    ../clib/angel/sys.s                      0x00000000   Number         0  indicate_semi.o ABSOLUTE
    ../clib/angel/sys.s                      0x00000000   Number         0  sys_stackheap_outer.o ABSOLUTE
    ../clib/angel/sysapp.c                   0x00000000   Number         0  sys_command.o ABSOLUTE
    ../clib/angel/sysapp.c                   0x00000000   Number         0  sys_exit.o ABSOLUTE
    ../clib/angel/sysapp.c                   0x00000000   Number         0  sys_wrch.o ABSOLUTE
    ../clib/armsys.c                         0x00000000   Number         0  no_argv.o ABSOLUTE
    ../clib/armsys.c                         0x00000000   Number         0  _get_argv_nomalloc.o ABSOLUTE
    ../clib/armsys.c                         0x00000000   Number         0  argv_veneer.o ABSOLUTE
    ../clib/armsys.c                         0x00000000   Number         0  argv_veneer.o ABSOLUTE
    ../clib/heapalloc.c                      0x00000000   Number         0  hrguard.o ABSOLUTE
    ../clib/heapaux.c                        0x00000000   Number         0  heapauxi.o ABSOLUTE
    ../clib/libinit.s                        0x00000000   Number         0  libshutdown.o ABSOLUTE
    ../clib/libinit.s                        0x00000000   Number         0  libinit2.o ABSOLUTE
    ../clib/libinit.s                        0x00000000   Number         0  libinit.o ABSOLUTE
    ../clib/libinit.s                        0x00000000   Number         0  libshutdown2.o ABSOLUTE
    ../clib/memcpset.s                       0x00000000   Number         0  rt_memclr_w.o ABSOLUTE
    ../clib/memcpset.s                       0x00000000   Number         0  rt_memcpy_v6.o ABSOLUTE
    ../clib/memcpset.s                       0x00000000   Number         0  rt_memcpy_w.o ABSOLUTE
    ../clib/printf.c                         0x00000000   Number         0  __printf_wp.o ABSOLUTE
    ../clib/printf.c                         0x00000000   Number         0  _printf_intcommon.o ABSOLUTE
    ../clib/printf.c                         0x00000000   Number         0  __printf_flags_ss.o ABSOLUTE
    ../clib/printf.c                         0x00000000   Number         0  noretval__2sprintf.o ABSOLUTE
    ../clib/printf.c                         0x00000000   Number         0  __2sprintf.o ABSOLUTE
    ../clib/printf.c                         0x00000000   Number         0  _printf_char_common.o ABSOLUTE
    ../clib/printf.c                         0x00000000   Number         0  __printf_nopercent.o ABSOLUTE
    ../clib/printf.c                         0x00000000   Number         0  __printf.o ABSOLUTE
    ../clib/printf.c                         0x00000000   Number         0  _printf_dec.o ABSOLUTE
    ../clib/printf.c                         0x00000000   Number         0  _sputc.o ABSOLUTE
    ../clib/printf.c                         0x00000000   Number         0  __printf_ss.o ABSOLUTE
    ../clib/printf.c                         0x00000000   Number         0  __printf_flags_wp.o ABSOLUTE
    ../clib/printf.c                         0x00000000   Number         0  __printf_flags.o ABSOLUTE
    ../clib/printf.c                         0x00000000   Number         0  __printf_flags_ss_wp.o ABSOLUTE
    ../clib/printf.c                         0x00000000   Number         0  __printf_ss_wp.o ABSOLUTE
    ../clib/printf_percent.s                 0x00000000   Number         0  _printf_percent_end.o ABSOLUTE
    ../clib/printf_percent.s                 0x00000000   Number         0  _printf_i.o ABSOLUTE
    ../clib/printf_percent.s                 0x00000000   Number         0  _printf_percent.o ABSOLUTE
    ../clib/signal.c                         0x00000000   Number         0  defsig_cppl_inner.o ABSOLUTE
    ../clib/signal.c                         0x00000000   Number         0  defsig_segv_inner.o ABSOLUTE
    ../clib/signal.c                         0x00000000   Number         0  defsig_other.o ABSOLUTE
    ../clib/signal.c                         0x00000000   Number         0  defsig_general.o ABSOLUTE
    ../clib/signal.c                         0x00000000   Number         0  defsig_rtmem_outer.o ABSOLUTE
    ../clib/signal.c                         0x00000000   Number         0  defsig_rtmem_formal.o ABSOLUTE
    ../clib/signal.c                         0x00000000   Number         0  defsig_exit.o ABSOLUTE
    ../clib/signal.c                         0x00000000   Number         0  defsig_rtmem_inner.o ABSOLUTE
    ../clib/signal.c                         0x00000000   Number         0  __raise.o ABSOLUTE
    ../clib/signal.c                         0x00000000   Number         0  defsig_abrt_inner.o ABSOLUTE
    ../clib/signal.c                         0x00000000   Number         0  defsig_fpe_inner.o ABSOLUTE
    ../clib/signal.c                         0x00000000   Number         0  defsig_rtred_inner.o ABSOLUTE
    ../clib/signal.c                         0x00000000   Number         0  defsig_stak_inner.o ABSOLUTE
    ../clib/signal.c                         0x00000000   Number         0  defsig_pvfn_inner.o ABSOLUTE
    ../clib/signal.s                         0x00000000   Number         0  defsig.o ABSOLUTE
    ../clib/stdlib.c                         0x00000000   Number         0  exit.o ABSOLUTE
    ../fplib/daddsub.s                       0x00000000   Number         0  daddsub_clz.o ABSOLUTE
    ../fplib/dcmpi.s                         0x00000000   Number         0  dcmpi.o ABSOLUTE
    ../fplib/ddiv.s                          0x00000000   Number         0  ddiv.o ABSOLUTE
    ../fplib/deqf.s                          0x00000000   Number         0  deqf.o ABSOLUTE
    ../fplib/dfixu.s                         0x00000000   Number         0  dfixu.o ABSOLUTE
    ../fplib/dflt.s                          0x00000000   Number         0  dflt_clz.o ABSOLUTE
    ../fplib/dmul.s                          0x00000000   Number         0  dmul.o ABSOLUTE
    ../fplib/dnaninf.s                       0x00000000   Number         0  dnaninf.o ABSOLUTE
    ../fplib/dretinf.s                       0x00000000   Number         0  dretinf.o ABSOLUTE
    ../fplib/fpinit.s                        0x00000000   Number         0  fpinit.o ABSOLUTE
    ../fplib/usenofp.s                       0x00000000   Number         0  usenofp.o ABSOLUTE
    GLCD\AsciiLib.c                          0x00000000   Number         0  asciilib.o ABSOLUTE
    GLCD\GLCD.c                              0x00000000   Number         0  glcd.o ABSOLUTE
    GLCD\HzLib.c                             0x00000000   Number         0  hzlib.o ABSOLUTE
    GLCD\\GLCD.c                             0x00000000   Number         0  glcd.o ABSOLUTE
    RIT\IRQ_RIT.c                            0x00000000   Number         0  irq_rit.o ABSOLUTE
    RIT\\IRQ_RIT.c                           0x00000000   Number         0  irq_rit.o ABSOLUTE
    RIT\\lib_RIT.c                           0x00000000   Number         0  lib_rit.o ABSOLUTE
    RIT\lib_RIT.c                            0x00000000   Number         0  lib_rit.o ABSOLUTE
    TouchPanel\TouchPanel.c                  0x00000000   Number         0  touchpanel.o ABSOLUTE
    TouchPanel\\TouchPanel.c                 0x00000000   Number         0  touchpanel.o ABSOLUTE
    button_EXINT\IRQ_button.c                0x00000000   Number         0  irq_button.o ABSOLUTE
    button_EXINT\\IRQ_button.c               0x00000000   Number         0  irq_button.o ABSOLUTE
    button_EXINT\\lib_button.c               0x00000000   Number         0  lib_button.o ABSOLUTE
    button_EXINT\lib_button.c                0x00000000   Number         0  lib_button.o ABSOLUTE
    core_cm3.c                               0x00000000   Number         0  core_cm3.o ABSOLUTE
    core_cm3.c                               0x00000000   Number         0  core_cm3.o ABSOLUTE
    dc.s                                     0x00000000   Number         0  dc.o ABSOLUTE
    game\\graphic.c                          0x00000000   Number         0  graphic.o ABSOLUTE
    game\board.c                             0x00000000   Number         0  board.o ABSOLUTE
    game\graphic.c                           0x00000000   Number         0  graphic.o ABSOLUTE
    game\move.c                              0x00000000   Number         0  move.o ABSOLUTE
    joystick\\funct_joystick.c               0x00000000   Number         0  funct_joystick.o ABSOLUTE
    joystick\\lib_joystick.c                 0x00000000   Number         0  lib_joystick.o ABSOLUTE
    joystick\funct_joystick.c                0x00000000   Number         0  funct_joystick.o ABSOLUTE
    joystick\lib_joystick.c                  0x00000000   Number         0  lib_joystick.o ABSOLUTE
    sample.c                                 0x00000000   Number         0  sample.o ABSOLUTE
    sample.c                                 0x00000000   Number         0  sample.o ABSOLUTE
    startup_LPC17xx.s                        0x00000000   Number         0  startup_lpc17xx.o ABSOLUTE
    system_LPC17xx.c                         0x00000000   Number         0  system_lpc17xx.o ABSOLUTE
    system_LPC17xx.c                         0x00000000   Number         0  system_lpc17xx.o ABSOLUTE
    timer\IRQ_timer.c                        0x00000000   Number         0  irq_timer.o ABSOLUTE
    timer\\IRQ_timer.c                       0x00000000   Number         0  irq_timer.o ABSOLUTE
    timer\\lib_timer.c                       0x00000000   Number         0  lib_timer.o ABSOLUTE
    timer\lib_timer.c                        0x00000000   Number         0  lib_timer.o ABSOLUTE
    !!!main                                  0x000000cc   Section        8  __main.o(!!!main)
    !!!scatter                               0x000000d4   Section       52  __scatter.o(!!!scatter)
    !!dczerorl2                              0x00000108   Section       90  __dczerorl2.o(!!dczerorl2)
    !!handler_copy                           0x00000164   Section       26  __scatter_copy.o(!!handler_copy)
    !!handler_zi                             0x00000180   Section       28  __scatter_zi.o(!!handler_zi)
    .ARM.Collect$$_printf_percent$$00000000  0x0000019c   Section        0  _printf_percent.o(.ARM.Collect$$_printf_percent$$00000000)
    .ARM.Collect$$_printf_percent$$00000008  0x0000019c   Section        6  _printf_i.o(.ARM.Collect$$_printf_percent$$00000008)
    .ARM.Collect$$_printf_percent$$00000017  0x000001a2   Section        4  _printf_percent_end.o(.ARM.Collect$$_printf_percent$$00000017)
    .ARM.Collect$$libinit$$00000000          0x000001a6   Section        2  libinit.o(.ARM.Collect$$libinit$$00000000)
    .ARM.Collect$$libinit$$00000002          0x000001a8   Section        0  libinit2.o(.ARM.Collect$$libinit$$00000002)
    .ARM.Collect$$libinit$$00000004          0x000001a8   Section        0  libinit2.o(.ARM.Collect$$libinit$$00000004)
    .ARM.Collect$$libinit$$0000000A          0x000001a8   Section        0  libinit2.o(.ARM.Collect$$libinit$$0000000A)
    .ARM.Collect$$libinit$$0000000C          0x000001a8   Section        0  libinit2.o(.ARM.Collect$$libinit$$0000000C)
    .ARM.Collect$$libinit$$0000000E          0x000001a8   Section        0  libinit2.o(.ARM.Collect$$libinit$$0000000E)
    .ARM.Collect$$libinit$$00000011          0x000001a8   Section        0  libinit2.o(.ARM.Collect$$libinit$$00000011)
    .ARM.Collect$$libinit$$00000013          0x000001a8   Section        0  libinit2.o(.ARM.Collect$$libinit$$00000013)
    .ARM.Collect$$libinit$$00000015          0x000001a8   Section        0  libinit2.o(.ARM.Collect$$libinit$$00000015)
    .ARM.Collect$$libinit$$00000017          0x000001a8   Section        0  libinit2.o(.ARM.Collect$$libinit$$00000017)
    .ARM.Collect$$libinit$$00000019          0x000001a8   Section        0  libinit2.o(.ARM.Collect$$libinit$$00000019)
    .ARM.Collect$$libinit$$0000001B          0x000001a8   Section        0  libinit2.o(.ARM.Collect$$libinit$$0000001B)
    .ARM.Collect$$libinit$$0000001D          0x000001a8   Section        0  libinit2.o(.ARM.Collect$$libinit$$0000001D)
    .ARM.Collect$$libinit$$0000001F          0x000001a8   Section        0  libinit2.o(.ARM.Collect$$libinit$$0000001F)
    .ARM.Collect$$libinit$$00000021          0x000001a8   Section        0  libinit2.o(.ARM.Collect$$libinit$$00000021)
    .ARM.Collect$$libinit$$00000023          0x000001a8   Section        0  libinit2.o(.ARM.Collect$$libinit$$00000023)
    .ARM.Collect$$libinit$$00000025          0x000001a8   Section        0  libinit2.o(.ARM.Collect$$libinit$$00000025)
    .ARM.Collect$$libinit$$0000002C          0x000001a8   Section        0  libinit2.o(.ARM.Collect$$libinit$$0000002C)
    .ARM.Collect$$libinit$$0000002E          0x000001a8   Section        0  libinit2.o(.ARM.Collect$$libinit$$0000002E)
    .ARM.Collect$$libinit$$00000030          0x000001a8   Section        0  libinit2.o(.ARM.Collect$$libinit$$00000030)
    .ARM.Collect$$libinit$$00000032          0x000001a8   Section        0  libinit2.o(.ARM.Collect$$libinit$$00000032)
    .ARM.Collect$$libinit$$00000033          0x000001a8   Section        2  libinit2.o(.ARM.Collect$$libinit$$00000033)
    .ARM.Collect$$libshutdown$$00000000      0x000001aa   Section        2  libshutdown.o(.ARM.Collect$$libshutdown$$00000000)
    .ARM.Collect$$libshutdown$$00000002      0x000001ac   Section        0  libshutdown2.o(.ARM.Collect$$libshutdown$$00000002)
    .ARM.Collect$$libshutdown$$00000004      0x000001ac   Section        0  libshutdown2.o(.ARM.Collect$$libshutdown$$00000004)
    .ARM.Collect$$libshutdown$$00000006      0x000001ac   Section        0  libshutdown2.o(.ARM.Collect$$libshutdown$$00000006)
    .ARM.Collect$$libshutdown$$00000009      0x000001ac   Section        0  libshutdown2.o(.ARM.Collect$$libshutdown$$00000009)
    .ARM.Collect$$libshutdown$$0000000C      0x000001ac   Section        0  libshutdown2.o(.ARM.Collect$$libshutdown$$0000000C)
    .ARM.Collect$$libshutdown$$0000000E      0x000001ac   Section        0  libshutdown2.o(.ARM.Collect$$libshutdown$$0000000E)
    .ARM.Collect$$libshutdown$$00000011      0x000001ac   Section        0  libshutdown2.o(.ARM.Collect$$libshutdown$$00000011)
    .ARM.Collect$$libshutdown$$00000012      0x000001ac   Section        2  libshutdown2.o(.ARM.Collect$$libshutdown$$00000012)
    .ARM.Collect$$rtentry$$00000000          0x000001ae   Section        0  __rtentry.o(.ARM.Collect$$rtentry$$00000000)
    .ARM.Collect$$rtentry$$00000002          0x000001ae   Section        0  __rtentry2.o(.ARM.Collect$$rtentry$$00000002)
    .ARM.Collect$$rtentry$$00000004          0x000001ae   Section        6  __rtentry4.o(.ARM.Collect$$rtentry$$00000004)
    .ARM.Collect$$rtentry$$00000009          0x000001b4   Section        0  __rtentry2.o(.ARM.Collect$$rtentry$$00000009)
    .ARM.Collect$$rtentry$$0000000A          0x000001b4   Section        4  __rtentry2.o(.ARM.Collect$$rtentry$$0000000A)
    .ARM.Collect$$rtentry$$0000000C          0x000001b8   Section        0  __rtentry2.o(.ARM.Collect$$rtentry$$0000000C)
    .ARM.Collect$$rtentry$$0000000D          0x000001b8   Section        8  __rtentry2.o(.ARM.Collect$$rtentry$$0000000D)
    .ARM.Collect$$rtexit$$00000000           0x000001c0   Section        2  rtexit.o(.ARM.Collect$$rtexit$$00000000)
    .ARM.Collect$$rtexit$$00000002           0x000001c2   Section        0  rtexit2.o(.ARM.Collect$$rtexit$$00000002)
    .ARM.Collect$$rtexit$$00000003           0x000001c2   Section        4  rtexit2.o(.ARM.Collect$$rtexit$$00000003)
    .ARM.Collect$$rtexit$$00000004           0x000001c6   Section        6  rtexit2.o(.ARM.Collect$$rtexit$$00000004)
    .text                                    0x000001cc   Section       52  startup_lpc17xx.o(.text)
    .text                                    0x00000200   Section        0  sample.o(.text)
    .text                                    0x00000258   Section        0  move.o(.text)
    .text                                    0x00000298   Section        0  asciilib.o(.text)
    .text                                    0x000002b8   Section        0  noretval__2sprintf.o(.text)
    .text                                    0x000002e0   Section        0  heapauxi.o(.text)
    .text                                    0x000002e6   Section        0  _sputc.o(.text)
    .text                                    0x000002f0   Section        8  libspace.o(.text)
    .text                                    0x000002f8   Section        2  use_no_semi.o(.text)
    .text                                    0x000002fa   Section        0  indicate_semi.o(.text)
    .ARM.__at_0x02FC                         0x000002fc   Section        4  startup_lpc17xx.o(.ARM.__at_0x02FC)
    .text                                    0x00000300   Section        0  system_lpc17xx.o(.text)
    .text                                    0x0000054c   Section        0  irq_timer.o(.text)
    .text                                    0x000007cc   Section        0  lib_timer.o(.text)
    __NVIC_EnableIRQ                         0x000007cd   Thumb Code    34  lib_timer.o(.text)
    .text                                    0x00000874   Section        0  graphic.o(.text)
    .text                                    0x00001938   Section        0  board.o(.text)
    .text                                    0x00001eb8   Section        0  glcd.o(.text)
    LCD_Configuration                        0x00001eb9   Thumb Code    20  glcd.o(.text)
    wait_delay                               0x00001ecd   Thumb Code    12  glcd.o(.text)
    LCD_SetCursor                            0x00001ed9   Thumb Code  1356  glcd.o(.text)
    delay_ms                                 0x00002425   Thumb Code    30  glcd.o(.text)
    LCD_BGR2RGB                              0x00005921   Thumb Code    26  glcd.o(.text)
    .text                                    0x00005f9c   Section        0  irq_rit.o(.text)
    .text                                    0x0000619c   Section        0  lib_rit.o(.text)
    .text                                    0x00006230   Section        0  irq_button.o(.text)
    __NVIC_EnableIRQ                         0x00006231   Thumb Code    34  irq_button.o(.text)
    .text                                    0x000063e0   Section        0  lib_button.o(.text)
    __NVIC_EnableIRQ                         0x000063e1   Thumb Code    34  lib_button.o(.text)
    __NVIC_SetPriority                       0x00006403   Thumb Code    32  lib_button.o(.text)
    .text                                    0x000064ac   Section        0  lib_joystick.o(.text)
    .text                                    0x00006530   Section        0  __printf.o(.text)
    .text                                    0x00006598   Section        0  _printf_dec.o(.text)
    .text                                    0x00006610   Section      138  rt_memcpy_v6.o(.text)
    .text                                    0x0000669a   Section        0  _printf_intcommon.o(.text)
    .text                                    0x0000674c   Section        0  _printf_char_common.o(.text)
    _printf_input_char                       0x0000674d   Thumb Code    10  _printf_char_common.o(.text)
    .text                                    0x0000677c   Section      100  rt_memcpy_w.o(.text)
    .text                                    0x000067e0   Section       74  sys_stackheap_outer.o(.text)
    .text                                    0x0000682a   Section        0  exit.o(.text)
    .text                                    0x0000683c   Section        0  sys_exit.o(.text)
    .constdata                               0x00006848   Section     1520  asciilib.o(.constdata)
    AsciiLib                                 0x00006848   Data        1520  asciilib.o(.constdata)
    .data                                    0x10000000   Section       12  sample.o(.data)
    .data                                    0x1000000c   Section        5  system_lpc17xx.o(.data)
    .data                                    0x10000014   Section       24  board.o(.data)
    .data                                    0x1000002c   Section        4  move.o(.data)
    .data                                    0x10000030   Section        1  glcd.o(.data)
    LCD_Code                                 0x10000030   Data           1  glcd.o(.data)
    .data                                    0x10000034   Section       20  irq_rit.o(.data)
    select                                   0x10000034   Data           4  irq_rit.o(.data)
    left                                     0x10000038   Data           4  irq_rit.o(.data)
    right                                    0x1000003c   Data           4  irq_rit.o(.data)
    up                                       0x10000040   Data           4  irq_rit.o(.data)
    down                                     0x10000044   Data           4  irq_rit.o(.data)
    .bss                                     0x10000048   Section      676  board.o(.bss)
    .bss                                     0x100002ec   Section       96  libspace.o(.bss)
    HEAP                                     0x10000350   Section        0  startup_lpc17xx.o(HEAP)
    Heap_Mem                                 0x10000350   Data           0  startup_lpc17xx.o(HEAP)
    .data                                    0x2007c000   Section      464  graphic.o(.data)
    STACK                                    0x2007c1d0   Section      512  startup_lpc17xx.o(STACK)
    Stack_Mem                                0x2007c1d0   Data         512  startup_lpc17xx.o(STACK)
    __initial_sp                             0x2007c3d0   Data           0  startup_lpc17xx.o(STACK)

    Global Symbols

    Symbol Name                              Value     Ov Type        Size  Object(Section)

    BuildAttributes$$THM_ISAv4$P$D$K$B$S$PE$A:L22UL41UL21$X:L11$S22US41US21$IEEE1$IW$USESV6$~STKCKD$USESV7$~SHL$OSPACE$ROPI$EBA8$UX$STANDARDLIB$REQ8$PRES8$EABIv2 0x00000000   Number         0  anon$$obj.o ABSOLUTE
    __ARM_use_no_argv                        0x00000000   Number         0  sample.o ABSOLUTE
    __Vectors                                0x00000000   Data           4  startup_lpc17xx.o(RESET)
    __ARM_exceptions_init                     - Undefined Weak Reference
    __alloca_initialize                       - Undefined Weak Reference
    __arm_fini_                               - Undefined Weak Reference
    __arm_preinit_                            - Undefined Weak Reference
    __cpp_initialize__aeabi_                  - Undefined Weak Reference
    __cxa_finalize                            - Undefined Weak Reference
    __rt_locale                               - Undefined Weak Reference
    __sigvec_lookup                           - Undefined Weak Reference
    _atexit_init                              - Undefined Weak Reference
    _call_atexit_fns                          - Undefined Weak Reference
    _clock_init                               - Undefined Weak Reference
    _fp_trap_init                             - Undefined Weak Reference
    _fp_trap_shutdown                         - Undefined Weak Reference
    _get_lc_collate                           - Undefined Weak Reference
    _get_lc_ctype                             - Undefined Weak Reference
    _get_lc_monetary                          - Undefined Weak Reference
    _get_lc_numeric                           - Undefined Weak Reference
    _get_lc_time                              - Undefined Weak Reference
    _getenv_init                              - Undefined Weak Reference
    _handle_redirection                       - Undefined Weak Reference
    _init_alloc                               - Undefined Weak Reference
    _init_user_alloc                          - Undefined Weak Reference
    _initio                                   - Undefined Weak Reference
    _printf_post_padding                      - Undefined Weak Reference
    _printf_pre_padding                       - Undefined Weak Reference
    _printf_truncate_signed                   - Undefined Weak Reference
    _printf_truncate_unsigned                 - Undefined Weak Reference
    _rand_init                                - Undefined Weak Reference
    _signal_finish                            - Undefined Weak Reference
    _signal_init                              - Undefined Weak Reference
    _terminate_alloc                          - Undefined Weak Reference
    _terminate_user_alloc                     - Undefined Weak Reference
    _terminateio                              - Undefined Weak Reference
    __main                                   0x000000cd   Thumb Code     8  __main.o(!!!main)
    __scatterload                            0x000000d5   Thumb Code     0  __scatter.o(!!!scatter)
    __scatterload_rt2                        0x000000d5   Thumb Code    44  __scatter.o(!!!scatter)
    __scatterload_rt2_thumb_only             0x000000d5   Thumb Code     0  __scatter.o(!!!scatter)
    __scatterload_null                       0x000000e3   Thumb Code     0  __scatter.o(!!!scatter)
    __decompress                             0x00000109   Thumb Code    90  __dczerorl2.o(!!dczerorl2)
    __decompress1                            0x00000109   Thumb Code     0  __dczerorl2.o(!!dczerorl2)
    __scatterload_copy                       0x00000165   Thumb Code    26  __scatter_copy.o(!!handler_copy)
    __scatterload_zeroinit                   0x00000181   Thumb Code    28  __scatter_zi.o(!!handler_zi)
    _printf_i                                0x0000019d   Thumb Code     0  _printf_i.o(.ARM.Collect$$_printf_percent$$00000008)
    _printf_percent                          0x0000019d   Thumb Code     0  _printf_percent.o(.ARM.Collect$$_printf_percent$$00000000)
    _printf_percent_end                      0x000001a3   Thumb Code     0  _printf_percent_end.o(.ARM.Collect$$_printf_percent$$00000017)
    __rt_lib_init                            0x000001a7   Thumb Code     0  libinit.o(.ARM.Collect$$libinit$$00000000)
    __rt_lib_init_alloca_1                   0x000001a9   Thumb Code     0  libinit2.o(.ARM.Collect$$libinit$$0000002E)
    __rt_lib_init_argv_1                     0x000001a9   Thumb Code     0  libinit2.o(.ARM.Collect$$libinit$$0000002C)
    __rt_lib_init_atexit_1                   0x000001a9   Thumb Code     0  libinit2.o(.ARM.Collect$$libinit$$0000001B)
    __rt_lib_init_clock_1                    0x000001a9   Thumb Code     0  libinit2.o(.ARM.Collect$$libinit$$00000021)
    __rt_lib_init_cpp_1                      0x000001a9   Thumb Code     0  libinit2.o(.ARM.Collect$$libinit$$00000032)
    __rt_lib_init_exceptions_1               0x000001a9   Thumb Code     0  libinit2.o(.ARM.Collect$$libinit$$00000030)
    __rt_lib_init_fp_1                       0x000001a9   Thumb Code     0  libinit2.o(.ARM.Collect$$libinit$$00000002)
    __rt_lib_init_fp_trap_1                  0x000001a9   Thumb Code     0  libinit2.o(.ARM.Collect$$libinit$$0000001F)
    __rt_lib_init_getenv_1                   0x000001a9   Thumb Code     0  libinit2.o(.ARM.Collect$$libinit$$00000023)
    __rt_lib_init_heap_1                     0x000001a9   Thumb Code     0  libinit2.o(.ARM.Collect$$libinit$$0000000A)
    __rt_lib_init_lc_collate_1               0x000001a9   Thumb Code     0  libinit2.o(.ARM.Collect$$libinit$$00000011)
    __rt_lib_init_lc_ctype_1                 0x000001a9   Thumb Code     0  libinit2.o(.ARM.Collect$$libinit$$00000013)
    __rt_lib_init_lc_monetary_1              0x000001a9   Thumb Code     0  libinit2.o(.ARM.Collect$$libinit$$00000015)
    __rt_lib_init_lc_numeric_1               0x000001a9   Thumb Code     0  libinit2.o(.ARM.Collect$$libinit$$00000017)
    __rt_lib_init_lc_time_1                  0x000001a9   Thumb Code     0  libinit2.o(.ARM.Collect$$libinit$$00000019)
    __rt_lib_init_preinit_1                  0x000001a9   Thumb Code     0  libinit2.o(.ARM.Collect$$libinit$$00000004)
    __rt_lib_init_rand_1                     0x000001a9   Thumb Code     0  libinit2.o(.ARM.Collect$$libinit$$0000000E)
    __rt_lib_init_return                     0x000001a9   Thumb Code     0  libinit2.o(.ARM.Collect$$libinit$$00000033)
    __rt_lib_init_signal_1                   0x000001a9   Thumb Code     0  libinit2.o(.ARM.Collect$$libinit$$0000001D)
    __rt_lib_init_stdio_1                    0x000001a9   Thumb Code     0  libinit2.o(.ARM.Collect$$libinit$$00000025)
    __rt_lib_init_user_alloc_1               0x000001a9   Thumb Code     0  libinit2.o(.ARM.Collect$$libinit$$0000000C)
    __rt_lib_shutdown                        0x000001ab   Thumb Code     0  libshutdown.o(.ARM.Collect$$libshutdown$$00000000)
    __rt_lib_shutdown_cpp_1                  0x000001ad   Thumb Code     0  libshutdown2.o(.ARM.Collect$$libshutdown$$00000004)
    __rt_lib_shutdown_fini_1                 0x000001ad   Thumb Code     0  libshutdown2.o(.ARM.Collect$$libshutdown$$00000002)
    __rt_lib_shutdown_fp_trap_1              0x000001ad   Thumb Code     0  libshutdown2.o(.ARM.Collect$$libshutdown$$00000009)
    __rt_lib_shutdown_heap_1                 0x000001ad   Thumb Code     0  libshutdown2.o(.ARM.Collect$$libshutdown$$00000011)
    __rt_lib_shutdown_return                 0x000001ad   Thumb Code     0  libshutdown2.o(.ARM.Collect$$libshutdown$$00000012)
    __rt_lib_shutdown_signal_1               0x000001ad   Thumb Code     0  libshutdown2.o(.ARM.Collect$$libshutdown$$0000000C)
    __rt_lib_shutdown_stdio_1                0x000001ad   Thumb Code     0  libshutdown2.o(.ARM.Collect$$libshutdown$$00000006)
    __rt_lib_shutdown_user_alloc_1           0x000001ad   Thumb Code     0  libshutdown2.o(.ARM.Collect$$libshutdown$$0000000E)
    __rt_entry                               0x000001af   Thumb Code     0  __rtentry.o(.ARM.Collect$$rtentry$$00000000)
    __rt_entry_presh_1                       0x000001af   Thumb Code     0  __rtentry2.o(.ARM.Collect$$rtentry$$00000002)
    __rt_entry_sh                            0x000001af   Thumb Code     0  __rtentry4.o(.ARM.Collect$$rtentry$$00000004)
    __rt_entry_li                            0x000001b5   Thumb Code     0  __rtentry2.o(.ARM.Collect$$rtentry$$0000000A)
    __rt_entry_postsh_1                      0x000001b5   Thumb Code     0  __rtentry2.o(.ARM.Collect$$rtentry$$00000009)
    __rt_entry_main                          0x000001b9   Thumb Code     0  __rtentry2.o(.ARM.Collect$$rtentry$$0000000D)
    __rt_entry_postli_1                      0x000001b9   Thumb Code     0  __rtentry2.o(.ARM.Collect$$rtentry$$0000000C)
    __rt_exit                                0x000001c1   Thumb Code     0  rtexit.o(.ARM.Collect$$rtexit$$00000000)
    __rt_exit_ls                             0x000001c3   Thumb Code     0  rtexit2.o(.ARM.Collect$$rtexit$$00000003)
    __rt_exit_prels_1                        0x000001c3   Thumb Code     0  rtexit2.o(.ARM.Collect$$rtexit$$00000002)
    __rt_exit_exit                           0x000001c7   Thumb Code     0  rtexit2.o(.ARM.Collect$$rtexit$$00000004)
    Reset_Handler                            0x000001cd   Thumb Code     4  startup_lpc17xx.o(.text)
    NMI_Handler                              0x000001d1   Thumb Code     2  startup_lpc17xx.o(.text)
    HardFault_Handler                        0x000001d3   Thumb Code     2  startup_lpc17xx.o(.text)
    MemManage_Handler                        0x000001d5   Thumb Code     2  startup_lpc17xx.o(.text)
    BusFault_Handler                         0x000001d7   Thumb Code     2  startup_lpc17xx.o(.text)
    UsageFault_Handler                       0x000001d9   Thumb Code     2  startup_lpc17xx.o(.text)
    SVC_Handler                              0x000001db   Thumb Code     2  startup_lpc17xx.o(.text)
    DebugMon_Handler                         0x000001dd   Thumb Code     2  startup_lpc17xx.o(.text)
    PendSV_Handler                           0x000001df   Thumb Code     2  startup_lpc17xx.o(.text)
    SysTick_Handler                          0x000001e1   Thumb Code     2  startup_lpc17xx.o(.text)
    ADC_IRQHandler                           0x000001e3   Thumb Code     0  startup_lpc17xx.o(.text)
    BOD_IRQHandler                           0x000001e3   Thumb Code     0  startup_lpc17xx.o(.text)
    CANActivity_IRQHandler                   0x000001e3   Thumb Code     0  startup_lpc17xx.o(.text)
    CAN_IRQHandler                           0x000001e3   Thumb Code     0  startup_lpc17xx.o(.text)
    DMA_IRQHandler                           0x000001e3   Thumb Code     0  startup_lpc17xx.o(.text)
    EINT3_IRQHandler                         0x000001e3   Thumb Code     0  startup_lpc17xx.o(.text)
    ENET_IRQHandler                          0x000001e3   Thumb Code     0  startup_lpc17xx.o(.text)
    I2C0_IRQHandler                          0x000001e3   Thumb Code     0  startup_lpc17xx.o(.text)
    I2C1_IRQHandler                          0x000001e3   Thumb Code     0  startup_lpc17xx.o(.text)
    I2C2_IRQHandler                          0x000001e3   Thumb Code     0  startup_lpc17xx.o(.text)
    I2S_IRQHandler                           0x000001e3   Thumb Code     0  startup_lpc17xx.o(.text)
    MCPWM_IRQHandler                         0x000001e3   Thumb Code     0  startup_lpc17xx.o(.text)
    PLL0_IRQHandler                          0x000001e3   Thumb Code     0  startup_lpc17xx.o(.text)
    PLL1_IRQHandler                          0x000001e3   Thumb Code     0  startup_lpc17xx.o(.text)
    PWM1_IRQHandler                          0x000001e3   Thumb Code     0  startup_lpc17xx.o(.text)
    QEI_IRQHandler                           0x000001e3   Thumb Code     0  startup_lpc17xx.o(.text)
    RTC_IRQHandler                           0x000001e3   Thumb Code     0  startup_lpc17xx.o(.text)
    SPI_IRQHandler                           0x000001e3   Thumb Code     0  startup_lpc17xx.o(.text)
    SSP0_IRQHandler                          0x000001e3   Thumb Code     0  startup_lpc17xx.o(.text)
    SSP1_IRQHandler                          0x000001e3   Thumb Code     0  startup_lpc17xx.o(.text)
    TIMER2_IRQHandler                        0x000001e3   Thumb Code     0  startup_lpc17xx.o(.text)
    TIMER3_IRQHandler                        0x000001e3   Thumb Code     0  startup_lpc17xx.o(.text)
    UART0_IRQHandler                         0x000001e3   Thumb Code     0  startup_lpc17xx.o(.text)
    UART1_IRQHandler                         0x000001e3   Thumb Code     0  startup_lpc17xx.o(.text)
    UART2_IRQHandler                         0x000001e3   Thumb Code     0  startup_lpc17xx.o(.text)
    UART3_IRQHandler                         0x000001e3   Thumb Code     0  startup_lpc17xx.o(.text)
    USBActivity_IRQHandler                   0x000001e3   Thumb Code     0  startup_lpc17xx.o(.text)
    USB_IRQHandler                           0x000001e3   Thumb Code     0  startup_lpc17xx.o(.text)
    WDT_IRQHandler                           0x000001e3   Thumb Code     0  startup_lpc17xx.o(.text)
    __user_initial_stackheap                 0x000001e5   Thumb Code     0  startup_lpc17xx.o(.text)
    main                                     0x00000201   Thumb Code    74  sample.o(.text)
    saveMove                                 0x00000259   Thumb Code    58  move.o(.text)
    GetASCIICode                             0x00000299   Thumb Code    26  asciilib.o(.text)
    __2sprintf                               0x000002b9   Thumb Code    34  noretval__2sprintf.o(.text)
    __use_two_region_memory                  0x000002e1   Thumb Code     2  heapauxi.o(.text)
    __rt_heap_escrow$2region                 0x000002e3   Thumb Code     2  heapauxi.o(.text)
    __rt_heap_expand$2region                 0x000002e5   Thumb Code     2  heapauxi.o(.text)
    _sputc                                   0x000002e7   Thumb Code    10  _sputc.o(.text)
    __user_libspace                          0x000002f1   Thumb Code     8  libspace.o(.text)
    __user_perproc_libspace                  0x000002f1   Thumb Code     0  libspace.o(.text)
    __user_perthread_libspace                0x000002f1   Thumb Code     0  libspace.o(.text)
    __I$use$semihosting                      0x000002f9   Thumb Code     0  use_no_semi.o(.text)
    __use_no_semihosting_swi                 0x000002f9   Thumb Code     2  use_no_semi.o(.text)
    __semihosting_library_function           0x000002fb   Thumb Code     0  indicate_semi.o(.text)
    SystemInit                               0x00000301   Thumb Code   552  system_lpc17xx.o(.text)
    TIMER0_IRQHandler                        0x0000054d   Thumb Code     2  irq_timer.o(.text)
    TIMER1_IRQHandler                        0x0000054f   Thumb Code   480  irq_timer.o(.text)
    enable_timer                             0x000007ef   Thumb Code    20  lib_timer.o(.text)
    disable_timer                            0x00000803   Thumb Code    20  lib_timer.o(.text)
    reset_timer                              0x00000817   Thumb Code    30  lib_timer.o(.text)
    init_timer                               0x00000835   Thumb Code    60  lib_timer.o(.text)
    draw_player                              0x00000875   Thumb Code    90  graphic.o(.text)
    delete_player                            0x000008cf   Thumb Code    80  graphic.o(.text)
    draw_movement                            0x0000091f   Thumb Code   140  graphic.o(.text)
    delete_movement                          0x000009ab   Thumb Code    72  graphic.o(.text)
    end_game                                 0x000009f3   Thumb Code    42  graphic.o(.text)
    show_movement                            0x00000a1d   Thumb Code  1396  graphic.o(.text)
    confirm_player_movement                  0x00000f91   Thumb Code   208  graphic.o(.text)
    draw_cell                                0x00001061   Thumb Code    90  graphic.o(.text)
    create_board                             0x000010bb   Thumb Code   132  graphic.o(.text)
    draw_barrier                             0x0000113f   Thumb Code   102  graphic.o(.text)
    delete_barrier                           0x000011a5   Thumb Code   116  graphic.o(.text)
    move_barrier                             0x00001219   Thumb Code   268  graphic.o(.text)
    rotate_barrier                           0x00001325   Thumb Code   404  graphic.o(.text)
    update_barrier                           0x000014b9   Thumb Code    66  graphic.o(.text)
    confirm_barrier                          0x000014fb   Thumb Code   152  graphic.o(.text)
    create_barrier                           0x00001593   Thumb Code   128  graphic.o(.text)
    bottom_info_bar                          0x00001613   Thumb Code   406  graphic.o(.text)
    init_game                                0x000017a9   Thumb Code   264  graphic.o(.text)
    initGame                                 0x00001939   Thumb Code    16  board.o(.text)
    checkWinner                              0x00001949   Thumb Code    40  board.o(.text)
    movePlayer                               0x00001971   Thumb Code   774  board.o(.text)
    createWall                               0x00001c77   Thumb Code   566  board.o(.text)
    LCD_Initialization                       0x00002443   Thumb Code 12014  glcd.o(.text)
    LCD_Clear                                0x00005331   Thumb Code  1520  glcd.o(.text)
    LCD_GetPoint                             0x0000593b   Thumb Code   994  glcd.o(.text)
    LCD_SetPoint                             0x00005d1d   Thumb Code   206  glcd.o(.text)
    LCD_DrawLine                             0x00005deb   Thumb Code   250  glcd.o(.text)
    PutChar                                  0x00005ee5   Thumb Code   100  glcd.o(.text)
    GUI_Text                                 0x00005f49   Thumb Code    80  glcd.o(.text)
    RIT_IRQHandler                           0x00005f9d   Thumb Code   454  irq_rit.o(.text)
    enable_RIT                               0x0000619d   Thumb Code    14  lib_rit.o(.text)
    disable_RIT                              0x000061ab   Thumb Code    14  lib_rit.o(.text)
    reset_RIT                                0x000061b9   Thumb Code     8  lib_rit.o(.text)
    init_RIT                                 0x000061c1   Thumb Code    98  lib_rit.o(.text)
    EINT0_IRQHandler                         0x00006253   Thumb Code    16  irq_button.o(.text)
    EINT1_IRQHandler                         0x00006263   Thumb Code   278  irq_button.o(.text)
    EINT2_IRQHandler                         0x00006379   Thumb Code    34  irq_button.o(.text)
    BUTTON_init                              0x00006423   Thumb Code   118  lib_button.o(.text)
    joystick_init                            0x000064ad   Thumb Code   122  lib_joystick.o(.text)
    __printf                                 0x00006531   Thumb Code   104  __printf.o(.text)
    _printf_int_dec                          0x00006599   Thumb Code   104  _printf_dec.o(.text)
    __aeabi_memcpy                           0x00006611   Thumb Code     0  rt_memcpy_v6.o(.text)
    __rt_memcpy                              0x00006611   Thumb Code   138  rt_memcpy_v6.o(.text)
    _memcpy_lastbytes                        0x00006677   Thumb Code     0  rt_memcpy_v6.o(.text)
    _printf_int_common                       0x0000669b   Thumb Code   178  _printf_intcommon.o(.text)
    _printf_char_common                      0x00006757   Thumb Code    32  _printf_char_common.o(.text)
    __aeabi_memcpy4                          0x0000677d   Thumb Code     0  rt_memcpy_w.o(.text)
    __aeabi_memcpy8                          0x0000677d   Thumb Code     0  rt_memcpy_w.o(.text)
    __rt_memcpy_w                            0x0000677d   Thumb Code   100  rt_memcpy_w.o(.text)
    _memcpy_lastbytes_aligned                0x000067c5   Thumb Code     0  rt_memcpy_w.o(.text)
    __user_setup_stackheap                   0x000067e1   Thumb Code    74  sys_stackheap_outer.o(.text)
    exit                                     0x0000682b   Thumb Code    18  exit.o(.text)
    _sys_exit                                0x0000683d   Thumb Code     8  sys_exit.o(.text)
    Region$$Table$$Base                      0x00006e38   Number         0  anon$$obj.o(Region$$Table)
    Region$$Table$$Limit                     0x00006e78   Number         0  anon$$obj.o(Region$$Table)
    i                                        0x10000000   Data           4  sample.o(.data)
    player                                   0x10000004   Data           4  sample.o(.data)
    barrier                                  0x10000008   Data           4  sample.o(.data)
    SystemFrequency                          0x1000000c   Data           4  system_lpc17xx.o(.data)
    ScaleFlag                                0x10000010   Data           1  system_lpc17xx.o(.data)
    player1                                  0x10000014   Data           8  board.o(.data)
    player2                                  0x1000001c   Data           8  board.o(.data)
    wallsPlayer1                             0x10000024   Data           4  board.o(.data)
    wallsPlayer2                             0x10000028   Data           4  board.o(.data)
    mv                                       0x1000002c   Data           4  move.o(.data)
    board                                    0x10000048   Data         676  board.o(.bss)
    __libspace_start                         0x100002ec   Data          96  libspace.o(.bss)
    __temporary_stack_top$libspace           0x1000034c   Data           0  libspace.o(.bss)
    color_player1                            0x2007c000   Data           2  graphic.o(.data)
    color_player2                            0x2007c002   Data           2  graphic.o(.data)
    color_barrier                            0x2007c004   Data           2  graphic.o(.data)
    color_barrier_conf                       0x2007c006   Data           2  graphic.o(.data)
    label                                    0x2007c008   Data         150  graphic.o(.data)
    values_barrier                           0x2007c09e   Data         150  graphic.o(.data)
    border_dx                                0x2007c134   Data           4  graphic.o(.data)
    leng_orizz                               0x2007c138   Data           4  graphic.o(.data)
    leng_vert                                0x2007c13c   Data           4  graphic.o(.data)
    distance_cell_tot                        0x2007c140   Data           4  graphic.o(.data)
    x_init                                   0x2007c144   Data           4  graphic.o(.data)
    y_init                                   0x2007c148   Data           4  graphic.o(.data)
    l_cell                                   0x2007c14c   Data           4  graphic.o(.data)
    dist_cell                                0x2007c150   Data           4  graphic.o(.data)
    inner_borderCell                         0x2007c154   Data           4  graphic.o(.data)
    len_barrier                              0x2007c158   Data           4  graphic.o(.data)
    offset_barrier                           0x2007c15c   Data           4  graphic.o(.data)
    step_player                              0x2007c160   Data           4  graphic.o(.data)
    step_barrier                             0x2007c164   Data           4  graphic.o(.data)
    x_point                                  0x2007c168   Data           4  graphic.o(.data)
    y_point                                  0x2007c16c   Data           4  graphic.o(.data)
    t                                        0x2007c170   Data           4  graphic.o(.data)
    jump                                     0x2007c174   Data           4  graphic.o(.data)
    player1_coordinate                       0x2007c178   Data           8  graphic.o(.data)
    player2_coordinate                       0x2007c180   Data           8  graphic.o(.data)
    barrier_coordinate                       0x2007c188   Data           8  graphic.o(.data)
    player_position1                         0x2007c190   Data           8  graphic.o(.data)
    player_position2                         0x2007c198   Data           8  graphic.o(.data)
    start_round                              0x2007c1a0   Data           8  graphic.o(.data)
    movement_position                        0x2007c1a8   Data           8  graphic.o(.data)
    movement_coordinate                      0x2007c1b0   Data           8  graphic.o(.data)
    barrier_init_position                    0x2007c1b8   Data           8  graphic.o(.data)
    barrier_position                         0x2007c1c0   Data           8  graphic.o(.data)
    barrier_direction                        0x2007c1c8   Data           4  graphic.o(.data)
    last_player_direction                    0x2007c1cc   Data           4  graphic.o(.data)



==============================================================================

Memory Map of the image

  Image Entry point : 0x000000cd

  Load Region LR_IROM1 (Base: 0x00000000, Size: 0x00007090, Max: 0x00080000, ABSOLUTE, COMPRESSED[0x00006ee4])

    Execution Region ER_IROM1 (Exec base: 0x00000000, Load base: 0x00000000, Size: 0x00006e78, Max: 0x00080000, ABSOLUTE)

    Exec Addr    Load Addr    Size         Type   Attr      Idx    E Section Name        Object

    0x00000000   0x00000000   0x000000cc   Data   RO            3    RESET               startup_lpc17xx.o
    0x000000cc   0x000000cc   0x00000008   Code   RO          586  * !!!main             c_w.l(__main.o)
    0x000000d4   0x000000d4   0x00000034   Code   RO          789    !!!scatter          c_w.l(__scatter.o)
    0x00000108   0x00000108   0x0000005a   Code   RO          787    !!dczerorl2         c_w.l(__dczerorl2.o)
    0x00000162   0x00000162   0x00000002   PAD
    0x00000164   0x00000164   0x0000001a   Code   RO          791    !!handler_copy      c_w.l(__scatter_copy.o)
    0x0000017e   0x0000017e   0x00000002   PAD
    0x00000180   0x00000180   0x0000001c   Code   RO          793    !!handler_zi        c_w.l(__scatter_zi.o)
    0x0000019c   0x0000019c   0x00000000   Code   RO          579    .ARM.Collect$$_printf_percent$$00000000  c_w.l(_printf_percent.o)
    0x0000019c   0x0000019c   0x00000006   Code   RO          578    .ARM.Collect$$_printf_percent$$00000008  c_w.l(_printf_i.o)
    0x000001a2   0x000001a2   0x00000004   Code   RO          619    .ARM.Collect$$_printf_percent$$00000017  c_w.l(_printf_percent_end.o)
    0x000001a6   0x000001a6   0x00000002   Code   RO          655    .ARM.Collect$$libinit$$00000000  c_w.l(libinit.o)
    0x000001a8   0x000001a8   0x00000000   Code   RO          662    .ARM.Collect$$libinit$$00000002  c_w.l(libinit2.o)
    0x000001a8   0x000001a8   0x00000000   Code   RO          664    .ARM.Collect$$libinit$$00000004  c_w.l(libinit2.o)
    0x000001a8   0x000001a8   0x00000000   Code   RO          667    .ARM.Collect$$libinit$$0000000A  c_w.l(libinit2.o)
    0x000001a8   0x000001a8   0x00000000   Code   RO          669    .ARM.Collect$$libinit$$0000000C  c_w.l(libinit2.o)
    0x000001a8   0x000001a8   0x00000000   Code   RO          671    .ARM.Collect$$libinit$$0000000E  c_w.l(libinit2.o)
    0x000001a8   0x000001a8   0x00000000   Code   RO          674    .ARM.Collect$$libinit$$00000011  c_w.l(libinit2.o)
    0x000001a8   0x000001a8   0x00000000   Code   RO          676    .ARM.Collect$$libinit$$00000013  c_w.l(libinit2.o)
    0x000001a8   0x000001a8   0x00000000   Code   RO          678    .ARM.Collect$$libinit$$00000015  c_w.l(libinit2.o)
    0x000001a8   0x000001a8   0x00000000   Code   RO          680    .ARM.Collect$$libinit$$00000017  c_w.l(libinit2.o)
    0x000001a8   0x000001a8   0x00000000   Code   RO          682    .ARM.Collect$$libinit$$00000019  c_w.l(libinit2.o)
    0x000001a8   0x000001a8   0x00000000   Code   RO          684    .ARM.Collect$$libinit$$0000001B  c_w.l(libinit2.o)
    0x000001a8   0x000001a8   0x00000000   Code   RO          686    .ARM.Collect$$libinit$$0000001D  c_w.l(libinit2.o)
    0x000001a8   0x000001a8   0x00000000   Code   RO          688    .ARM.Collect$$libinit$$0000001F  c_w.l(libinit2.o)
    0x000001a8   0x000001a8   0x00000000   Code   RO          690    .ARM.Collect$$libinit$$00000021  c_w.l(libinit2.o)
    0x000001a8   0x000001a8   0x00000000   Code   RO          692    .ARM.Collect$$libinit$$00000023  c_w.l(libinit2.o)
    0x000001a8   0x000001a8   0x00000000   Code   RO          694    .ARM.Collect$$libinit$$00000025  c_w.l(libinit2.o)
    0x000001a8   0x000001a8   0x00000000   Code   RO          698    .ARM.Collect$$libinit$$0000002C  c_w.l(libinit2.o)
    0x000001a8   0x000001a8   0x00000000   Code   RO          700    .ARM.Collect$$libinit$$0000002E  c_w.l(libinit2.o)
    0x000001a8   0x000001a8   0x00000000   Code   RO          702    .ARM.Collect$$libinit$$00000030  c_w.l(libinit2.o)
    0x000001a8   0x000001a8   0x00000000   Code   RO          704    .ARM.Collect$$libinit$$00000032  c_w.l(libinit2.o)
    0x000001a8   0x000001a8   0x00000002   Code   RO          705    .ARM.Collect$$libinit$$00000033  c_w.l(libinit2.o)
    0x000001aa   0x000001aa   0x00000002   Code   RO          725    .ARM.Collect$$libshutdown$$00000000  c_w.l(libshutdown.o)
    0x000001ac   0x000001ac   0x00000000   Code   RO          738    .ARM.Collect$$libshutdown$$00000002  c_w.l(libshutdown2.o)
    0x000001ac   0x000001ac   0x00000000   Code   RO          740    .ARM.Collect$$libshutdown$$00000004  c_w.l(libshutdown2.o)
    0x000001ac   0x000001ac   0x00000000   Code   RO          742    .ARM.Collect$$libshutdown$$00000006  c_w.l(libshutdown2.o)
    0x000001ac   0x000001ac   0x00000000   Code   RO          745    .ARM.Collect$$libshutdown$$00000009  c_w.l(libshutdown2.o)
    0x000001ac   0x000001ac   0x00000000   Code   RO          748    .ARM.Collect$$libshutdown$$0000000C  c_w.l(libshutdown2.o)
    0x000001ac   0x000001ac   0x00000000   Code   RO          750    .ARM.Collect$$libshutdown$$0000000E  c_w.l(libshutdown2.o)
    0x000001ac   0x000001ac   0x00000000   Code   RO          753    .ARM.Collect$$libshutdown$$00000011  c_w.l(libshutdown2.o)
    0x000001ac   0x000001ac   0x00000002   Code   RO          754    .ARM.Collect$$libshutdown$$00000012  c_w.l(libshutdown2.o)
    0x000001ae   0x000001ae   0x00000000   Code   RO          612    .ARM.Collect$$rtentry$$00000000  c_w.l(__rtentry.o)
    0x000001ae   0x000001ae   0x00000000   Code   RO          630    .ARM.Collect$$rtentry$$00000002  c_w.l(__rtentry2.o)
    0x000001ae   0x000001ae   0x00000006   Code   RO          642    .ARM.Collect$$rtentry$$00000004  c_w.l(__rtentry4.o)
    0x000001b4   0x000001b4   0x00000000   Code   RO          632    .ARM.Collect$$rtentry$$00000009  c_w.l(__rtentry2.o)
    0x000001b4   0x000001b4   0x00000004   Code   RO          633    .ARM.Collect$$rtentry$$0000000A  c_w.l(__rtentry2.o)
    0x000001b8   0x000001b8   0x00000000   Code   RO          635    .ARM.Collect$$rtentry$$0000000C  c_w.l(__rtentry2.o)
    0x000001b8   0x000001b8   0x00000008   Code   RO          636    .ARM.Collect$$rtentry$$0000000D  c_w.l(__rtentry2.o)
    0x000001c0   0x000001c0   0x00000002   Code   RO          659    .ARM.Collect$$rtexit$$00000000  c_w.l(rtexit.o)
    0x000001c2   0x000001c2   0x00000000   Code   RO          707    .ARM.Collect$$rtexit$$00000002  c_w.l(rtexit2.o)
    0x000001c2   0x000001c2   0x00000004   Code   RO          708    .ARM.Collect$$rtexit$$00000003  c_w.l(rtexit2.o)
    0x000001c6   0x000001c6   0x00000006   Code   RO          709    .ARM.Collect$$rtexit$$00000004  c_w.l(rtexit2.o)
    0x000001cc   0x000001cc   0x00000034   Code   RO            5    .text               startup_lpc17xx.o
    0x00000200   0x00000200   0x00000058   Code   RO           16    .text               sample.o
    0x00000258   0x00000258   0x00000040   Code   RO          257    .text               move.o
    0x00000298   0x00000298   0x00000020   Code   RO          270    .text               asciilib.o
    0x000002b8   0x000002b8   0x00000028   Code   RO          552    .text               c_w.l(noretval__2sprintf.o)
    0x000002e0   0x000002e0   0x00000006   Code   RO          584    .text               c_w.l(heapauxi.o)
    0x000002e6   0x000002e6   0x0000000a   Code   RO          617    .text               c_w.l(_sputc.o)
    0x000002f0   0x000002f0   0x00000008   Code   RO          656    .text               c_w.l(libspace.o)
    0x000002f8   0x000002f8   0x00000002   Code   RO          728    .text               c_w.l(use_no_semi.o)
    0x000002fa   0x000002fa   0x00000000   Code   RO          730    .text               c_w.l(indicate_semi.o)
    0x000002fa   0x000002fa   0x00000002   PAD
    0x000002fc   0x000002fc   0x00000004   Code   RO            4    .ARM.__at_0x02FC    startup_lpc17xx.o
    0x00000300   0x00000300   0x0000024c   Code   RO          101    .text               system_lpc17xx.o
    0x0000054c   0x0000054c   0x00000280   Code   RO          128    .text               irq_timer.o
    0x000007cc   0x000007cc   0x000000a8   Code   RO          179    .text               lib_timer.o
    0x00000874   0x00000874   0x000010c4   Code   RO          207    .text               graphic.o
    0x00001938   0x00001938   0x00000580   Code   RO          241    .text               board.o
    0x00001eb8   0x00001eb8   0x000040e4   Code   RO          290    .text               glcd.o
    0x00005f9c   0x00005f9c   0x00000200   Code   RO          336    .text               irq_rit.o
    0x0000619c   0x0000619c   0x00000094   Code   RO          375    .text               lib_rit.o
    0x00006230   0x00006230   0x000001b0   Code   RO          403    .text               irq_button.o
    0x000063e0   0x000063e0   0x000000cc   Code   RO          441    .text               lib_button.o
    0x000064ac   0x000064ac   0x00000084   Code   RO          469    .text               lib_joystick.o
    0x00006530   0x00006530   0x00000068   Code   RO          554    .text               c_w.l(__printf.o)
    0x00006598   0x00006598   0x00000078   Code   RO          556    .text               c_w.l(_printf_dec.o)
    0x00006610   0x00006610   0x0000008a   Code   RO          580    .text               c_w.l(rt_memcpy_v6.o)
    0x0000669a   0x0000669a   0x000000b2   Code   RO          613    .text               c_w.l(_printf_intcommon.o)
    0x0000674c   0x0000674c   0x00000030   Code   RO          615    .text               c_w.l(_printf_char_common.o)
    0x0000677c   0x0000677c   0x00000064   Code   RO          620    .text               c_w.l(rt_memcpy_w.o)
    0x000067e0   0x000067e0   0x0000004a   Code   RO          646    .text               c_w.l(sys_stackheap_outer.o)
    0x0000682a   0x0000682a   0x00000012   Code   RO          648    .text               c_w.l(exit.o)
    0x0000683c   0x0000683c   0x0000000c   Code   RO          717    .text               c_w.l(sys_exit.o)
    0x00006848   0x00006848   0x000005f0   Data   RO          271    .constdata          asciilib.o
    0x00006e38   0x00006e38   0x00000040   Data   RO          785    Region$$Table       anon$$obj.o


    Execution Region RW_IRAM1 (Exec base: 0x10000000, Load base: 0x00006e78, Size: 0x00000350, Max: 0x00008000, ABSOLUTE)

    Exec Addr    Load Addr    Size         Type   Attr      Idx    E Section Name        Object

    0x10000000   0x00006e78   0x0000000c   Data   RW           17    .data               sample.o
    0x1000000c   0x00006e84   0x00000005   Data   RW          102    .data               system_lpc17xx.o
    0x10000011   0x00006e89   0x00000003   PAD
    0x10000014   0x00006e8c   0x00000018   Data   RW          243    .data               board.o
    0x1000002c   0x00006ea4   0x00000004   Data   RW          258    .data               move.o
    0x10000030   0x00006ea8   0x00000001   Data   RW          291    .data               glcd.o
    0x10000031   0x00006ea9   0x00000003   PAD
    0x10000034   0x00006eac   0x00000014   Data   RW          337    .data               irq_rit.o
    0x10000048        -       0x000002a4   Zero   RW          242    .bss                board.o
    0x100002ec        -       0x00000060   Zero   RW          657    .bss                c_w.l(libspace.o)
    0x1000034c   0x00006ec0   0x00000004   PAD
    0x10000350        -       0x00000000   Zero   RW            2    HEAP                startup_lpc17xx.o


    Execution Region RW_IRAM2 (Exec base: 0x2007c000, Load base: 0x00006ec0, Size: 0x000003d0, Max: 0x00008000, ABSOLUTE, COMPRESSED[0x00000024])

    Exec Addr    Load Addr    Size         Type   Attr      Idx    E Section Name        Object

    0x2007c000   COMPRESSED   0x000001d0   Data   RW          208    .data               graphic.o
    0x2007c1d0        -       0x00000200   Zero   RW            1    STACK               startup_lpc17xx.o


==============================================================================

Image component sizes


      Code (inc. data)   RO Data    RW Data    ZI Data      Debug   Object Name

        32          6       1520          0          0        971   asciilib.o
      1408         36          0         24        676       3207   board.o
     16612        104          0          1          0      40035   glcd.o
      4292        336          0        464          0       8515   graphic.o
       432         70          0          0          0      27588   irq_button.o
       512         58          0         20          0        817   irq_rit.o
       640        158          0          0          0      44337   irq_timer.o
       204         20          0          0          0        898   lib_button.o
       132         10          0          0          0        444   lib_joystick.o
       148         14          0          0          0      27439   lib_rit.o
       168          4          0          0          0       1380   lib_timer.o
        64          6          0          4          0       1060   move.o
        88         14          0         12          0       5186   sample.o
        56         22        204          0        512        972   startup_lpc17xx.o
       588         36          0          5          0        869   system_lpc17xx.o

    ----------------------------------------------------------------------
     25376        894       1788        536       1188     163718   Object Totals
         0          0         64          0          0          0   (incl. Generated)
         0          0          0          6          0          0   (incl. Padding)

    ----------------------------------------------------------------------

      Code (inc. data)   RO Data    RW Data    ZI Data      Debug   Library Member Name

        90          0          0          0          0          0   __dczerorl2.o
         8          0          0          0          0         68   __main.o
       104          0          0          0          0         84   __printf.o
         0          0          0          0          0          0   __rtentry.o
        12          0          0          0          0          0   __rtentry2.o
         6          0          0          0          0          0   __rtentry4.o
        52          8          0          0          0          0   __scatter.o
        26          0          0          0          0          0   __scatter_copy.o
        28          0          0          0          0          0   __scatter_zi.o
        48          6          0          0          0         96   _printf_char_common.o
       120         16          0          0          0         92   _printf_dec.o
         6          0          0          0          0          0   _printf_i.o
       178          0          0          0          0         88   _printf_intcommon.o
         0          0          0          0          0          0   _printf_percent.o
         4          0          0          0          0          0   _printf_percent_end.o
        10          0          0          0          0         68   _sputc.o
        18          0          0          0          0         80   exit.o
         6          0          0          0          0        152   heapauxi.o
         0          0          0          0          0          0   indicate_semi.o
         2          0          0          0          0          0   libinit.o
         2          0          0          0          0          0   libinit2.o
         2          0          0          0          0          0   libshutdown.o
         2          0          0          0          0          0   libshutdown2.o
         8          4          0          0         96         68   libspace.o
        40          6          0          0          0         84   noretval__2sprintf.o
       138          0          0          0          0         68   rt_memcpy_v6.o
       100          0          0          0          0         80   rt_memcpy_w.o
         2          0          0          0          0          0   rtexit.o
        10          0          0          0          0          0   rtexit2.o
        12          4          0          0          0         68   sys_exit.o
        74          0          0          0          0         80   sys_stackheap_outer.o
         2          0          0          0          0         68   use_no_semi.o

    ----------------------------------------------------------------------
      1116         44          0          0        100       1244   Library Totals
         6          0          0          0          4          0   (incl. Padding)

    ----------------------------------------------------------------------

      Code (inc. data)   RO Data    RW Data    ZI Data      Debug   Library Name

      1110         44          0          0         96       1244   c_w.l

    ----------------------------------------------------------------------
      1116         44          0          0        100       1244   Library Totals

    ----------------------------------------------------------------------

==============================================================================


      Code (inc. data)   RO Data    RW Data    ZI Data      Debug   

     26492        938       1788        536       1288     163674   Grand Totals
     26492        938       1788        108       1288     163674   ELF Image Totals (compressed)
     26492        938       1788        108          0          0   ROM Totals

==============================================================================

    Total RO  Size (Code + RO Data)                28280 (  27.62kB)
    Total RW  Size (RW Data + ZI Data)              1824 (   1.78kB)
    Total ROM Size (Code + RO Data + RW Data)      28388 (  27.72kB)

==============================================================================

