Component: ARM Compiler 5.06 update 7 (build 960) Tool: armlink [4d3601]

==============================================================================

Section Cross References

    startup_lpc17xx.o(STACK) refers (Special) to heapauxi.o(.text) for __use_two_region_memory
    startup_lpc17xx.o(HEAP) refers (Special) to heapauxi.o(.text) for __use_two_region_memory
    startup_lpc17xx.o(RESET) refers (Special) to heapauxi.o(.text) for __use_two_region_memory
    startup_lpc17xx.o(RESET) refers to startup_lpc17xx.o(STACK) for __initial_sp
    startup_lpc17xx.o(RESET) refers to startup_lpc17xx.o(.text) for Reset_Handler
    startup_lpc17xx.o(RESET) refers to irq_timer.o(.text) for TIMER0_IRQHandler
    startup_lpc17xx.o(RESET) refers to irq_button.o(.text) for EINT0_IRQHandler
    startup_lpc17xx.o(RESET) refers to irq_rit.o(.text) for RIT_IRQHandler
    startup_lpc17xx.o(.ARM.__at_0x02FC) refers (Special) to heapauxi.o(.text) for __use_two_region_memory
    startup_lpc17xx.o(.text) refers (Special) to heapauxi.o(.text) for __use_two_region_memory
    startup_lpc17xx.o(.text) refers to __main.o(!!!main) for __main
    startup_lpc17xx.o(.text) refers to startup_lpc17xx.o(HEAP) for Heap_Mem
    startup_lpc17xx.o(.text) refers to startup_lpc17xx.o(STACK) for Stack_Mem
    sample.o(.text) refers to system_lpc17xx.o(.text) for SystemInit
    sample.o(.text) refers to glcd.o(.text) for LCD_Initialization
    sample.o(.text) refers to graphic.o(.text) for init_game
    sample.o(.text) refers to lib_button.o(.text) for BUTTON_init
    sample.o(.text) refers to lib_joystick.o(.text) for joystick_init
    system_lpc17xx.o(.text) refers to system_lpc17xx.o(.data) for SystemFrequency
    irq_timer.o(.text) refers to _printf_pad.o(.text) for _printf_pre_padding
    irq_timer.o(.text) refers to _printf_percent.o(.ARM.Collect$$_printf_percent$$00000000) for _printf_percent
    irq_timer.o(.text) refers to _printf_d.o(.ARM.Collect$$_printf_percent$$00000009) for _printf_d
    irq_timer.o(.text) refers to _printf_dec.o(.text) for _printf_int_dec
    irq_timer.o(.text) refers to _printf_i.o(.ARM.Collect$$_printf_percent$$00000008) for _printf_i
    irq_timer.o(.text) refers to touchpanel.o(.text) for Read_Ads7846
    irq_timer.o(.text) refers to glcd.o(.text) for GUI_Text
    irq_timer.o(.text) refers to noretval__2sprintf.o(.text) for __2sprintf
    irq_timer.o(.text) refers to touchpanel.o(.bss) for matrix
    irq_timer.o(.text) refers to touchpanel.o(.data) for display
    irq_timer.o(.text) refers to irq_timer.o(.data) for clear
    irq_timer.o(.text) refers to sample.o(.data) for i
    graphic.o(.text) refers to _printf_percent.o(.ARM.Collect$$_printf_percent$$00000000) for _printf_percent
    graphic.o(.text) refers to _printf_i.o(.ARM.Collect$$_printf_percent$$00000008) for _printf_i
    graphic.o(.text) refers to _printf_dec.o(.text) for _printf_int_dec
    graphic.o(.text) refers to glcd.o(.text) for LCD_Clear
    graphic.o(.text) refers to board.o(.text) for movePlayer
    graphic.o(.text) refers to graphic.o(.data) for color_player1
    graphic.o(.text) refers to sample.o(.data) for player
    graphic.o(.text) refers to noretval__2sprintf.o(.text) for __2sprintf
    graphic.o(.text) refers to lib_timer.o(.text) for init_timer
    graphic.o(.text) refers to board.o(.data) for wallsPlayer1
    board.o(.text) refers to board.o(.bss) for board
    board.o(.text) refers to board.o(.data) for player1
    asciilib.o(.text) refers to rt_memcpy_v6.o(.text) for __aeabi_memcpy
    asciilib.o(.text) refers to asciilib.o(.constdata) for AsciiLib
    glcd.o(.text) refers to glcd.o(.data) for LCD_Code
    glcd.o(.text) refers to asciilib.o(.text) for GetASCIICode
    hzlib.o(.text) refers to rt_memcpy_v6.o(.text) for __aeabi_memcpy
    hzlib.o(.text) refers to hzlib.o(.constdata) for HzLib
    touchpanel.o(.text) refers to glcd.o(.text) for LCD_SetPoint
    touchpanel.o(.text) refers to rt_memclr_w.o(.text) for __aeabi_memclr4
    touchpanel.o(.text) refers to dflt_clz.o(x$fpl$dflt) for __aeabi_i2d
    touchpanel.o(.text) refers to deqf.o(x$fpl$deqf) for __aeabi_cdcmpeq
    touchpanel.o(.text) refers to dflt_clz.o(x$fpl$dfltu) for __aeabi_ui2d
    touchpanel.o(.text) refers to dmul.o(x$fpl$dmul) for __aeabi_dmul
    touchpanel.o(.text) refers to daddsub_clz.o(x$fpl$dadd) for __aeabi_dadd
    touchpanel.o(.text) refers to ddiv.o(x$fpl$ddiv) for __aeabi_ddiv
    touchpanel.o(.text) refers to dfixu.o(x$fpl$dfixu) for __aeabi_d2uiz
    touchpanel.o(.text) refers to touchpanel.o(.data) for screen
    touchpanel.o(.text) refers to touchpanel.o(.bss) for ScreenSample
    irq_rit.o(.text) refers to lib_rit.o(.text) for reset_RIT
    irq_rit.o(.text) refers to irq_rit.o(.data) for down
    irq_button.o(.text) refers to graphic.o(.text) for create_barrier
    irq_button.o(.text) refers to graphic.o(.data) for barrier_position
[...]
    __printf_flags_wp.o(.text) refers to __printf_wp.o(i._is_digit) for _is_digit
    __printf_flags_wp.o(.text) refers to _printf_percent.o(.ARM.Collect$$_printf_percent$$00000000) for _printf_percent
    __printf_flags_wp.o(.text) refers to __printf_flags_wp.o(.constdata) for .constdata
    __printf_ss_wp.o(.text) refers to __printf_wp.o(i._is_digit) for _is_digit
    __printf_ss_wp.o(.text) refers to _printf_percent.o(.ARM.Collect$$_printf_percent$$00000000) for _printf_percent
    __printf_flags_ss_wp.o(.text) refers to __printf_wp.o(i._is_digit) for _is_digit
    __printf_flags_ss_wp.o(.text) refers to _printf_percent.o(.ARM.Collect$$_printf_percent$$00000000) for _printf_percent
    __printf_flags_ss_wp.o(.text) refers to __printf_flags_ss_wp.o(.constdata) for .constdata
    _printf_i.o(.ARM.Collect$$_printf_percent$$00000008) refers (Weak) to _printf_dec.o(.text) for _printf_int_dec
    _printf_d.o(.ARM.Collect$$_printf_percent$$00000009) refers (Weak) to _printf_dec.o(.text) for _printf_int_dec
    _printf_percent.o(.ARM.Collect$$_printf_percent$$00000000) refers (Special) to _printf_percent_end.o(.ARM.Collect$$_printf_percent$$00000017) for _printf_percent_end
    rt_memcpy_v6.o(.text) refers to rt_memcpy_w.o(.text) for __aeabi_memcpy4
    __main.o(!!!main) refers to __rtentry.o(.ARM.Collect$$rtentry$$00000000) for __rt_entry
    daddsub_clz.o(x$fpl$dadd) refers (Special) to usenofp.o(x$fpl$usenofp) for __I$use$fp
    daddsub_clz.o(x$fpl$dadd) refers to daddsub_clz.o(x$fpl$dsub) for _dsub1
    daddsub_clz.o(x$fpl$dadd) refers to dretinf.o(x$fpl$dretinf) for __fpl_dretinf
    daddsub_clz.o(x$fpl$dadd) refers to dnaninf.o(x$fpl$dnaninf) for __fpl_dnaninf
    daddsub_clz.o(x$fpl$drsb) refers (Special) to usenofp.o(x$fpl$usenofp) for __I$use$fp
    daddsub_clz.o(x$fpl$drsb) refers to daddsub_clz.o(x$fpl$dadd) for _dadd1
    daddsub_clz.o(x$fpl$drsb) refers to daddsub_clz.o(x$fpl$dsub) for _dsub1
    daddsub_clz.o(x$fpl$dsub) refers (Special) to usenofp.o(x$fpl$usenofp) for __I$use$fp
    daddsub_clz.o(x$fpl$dsub) refers to daddsub_clz.o(x$fpl$dadd) for _dadd1
    daddsub_clz.o(x$fpl$dsub) refers to dnaninf.o(x$fpl$dnaninf) for __fpl_dnaninf
    ddiv.o(x$fpl$drdiv) refers (Special) to usenofp.o(x$fpl$usenofp) for __I$use$fp
    ddiv.o(x$fpl$drdiv) refers to ddiv.o(x$fpl$ddiv) for ddiv_entry
    ddiv.o(x$fpl$ddiv) refers (Special) to usenofp.o(x$fpl$usenofp) for __I$use$fp
    ddiv.o(x$fpl$ddiv) refers to dretinf.o(x$fpl$dretinf) for __fpl_dretinf
    ddiv.o(x$fpl$ddiv) refers to dnaninf.o(x$fpl$dnaninf) for __fpl_dnaninf
    deqf.o(x$fpl$deqf) refers (Special) to usenofp.o(x$fpl$usenofp) for __I$use$fp
    deqf.o(x$fpl$deqf) refers to dnaninf.o(x$fpl$dnaninf) for __fpl_dnaninf
    deqf.o(x$fpl$deqf) refers to dcmpi.o(x$fpl$dcmpinf) for __fpl_dcmp_Inf
    dfixu.o(x$fpl$dfixu) refers (Special) to usenofp.o(x$fpl$usenofp) for __I$use$fp
    dfixu.o(x$fpl$dfixu) refers to dnaninf.o(x$fpl$dnaninf) for __fpl_dnaninf
    dfixu.o(x$fpl$dfixur) refers (Special) to usenofp.o(x$fpl$usenofp) for __I$use$fp
    dfixu.o(x$fpl$dfixur) refers to dnaninf.o(x$fpl$dnaninf) for __fpl_dnaninf
    dflt_clz.o(x$fpl$dfltu) refers (Special) to usenofp.o(x$fpl$usenofp) for __I$use$fp
    dflt_clz.o(x$fpl$dflt) refers (Special) to usenofp.o(x$fpl$usenofp) for __I$use$fp
    dflt_clz.o(x$fpl$dfltn) refers (Special) to usenofp.o(x$fpl$usenofp) for __I$use$fp
    dmul.o(x$fpl$dmul) refers (Special) to usenofp.o(x$fpl$usenofp) for __I$use$fp
    dmul.o(x$fpl$dmul) refers to dretinf.o(x$fpl$dretinf) for __fpl_dretinf
    dmul.o(x$fpl$dmul) refers to dnaninf.o(x$fpl$dnaninf) for __fpl_dnaninf
    __rtentry.o(.ARM.Collect$$rtentry$$00000000) refers (Special) to __rtentry2.o(.ARM.Collect$$rtentry$$0000000A) for __rt_entry_li
    __rtentry.o(.ARM.Collect$$rtentry$$00000000) refers (Special) to __rtentry2.o(.ARM.Collect$$rtentry$$0000000D) for __rt_entry_main
    __rtentry.o(.ARM.Collect$$rtentry$$00000000) refers (Special) to __rtentry2.o(.ARM.Collect$$rtentry$$0000000C) for __rt_entry_postli_1
    __rtentry.o(.ARM.Collect$$rtentry$$00000000) refers (Special) to __rtentry2.o(.ARM.Collect$$rtentry$$00000009) for __rt_entry_postsh_1
    __rtentry.o(.ARM.Collect$$rtentry$$00000000) refers (Special) to __rtentry2.o(.ARM.Collect$$rtentry$$00000002) for __rt_entry_presh_1
    __rtentry.o(.ARM.Collect$$rtentry$$00000000) refers (Special) to __rtentry4.o(.ARM.Collect$$rtentry$$00000004) for __rt_entry_sh
    _printf_intcommon.o(.text) refers (Weak) to _printf_pad.o(.text) for _printf_pre_padding
    _printf_intcommon.o(.text) refers (Weak) to _printf_pad.o(.text) for _printf_pre_padding
    _printf_intcommon.o(.text) refers (Weak) to _printf_pad.o(.text) for _printf_post_padding
    _printf_char_common.o(.text) refers to __printf_wp.o(.text) for __printf
    dcmpi.o(x$fpl$dcmpinf) refers (Special) to usenofp.o(x$fpl$usenofp) for __I$use$fp
    dnaninf.o(x$fpl$dnaninf) refers (Special) to usenofp.o(x$fpl$usenofp) for __I$use$fp
    dretinf.o(x$fpl$dretinf) refers (Special) to usenofp.o(x$fpl$usenofp) for __I$use$fp
    __rtentry2.o(.ARM.Collect$$rtentry$$00000008) refers to boardinit2.o(.text) for _platform_post_stackheap_init
    __rtentry2.o(.ARM.Collect$$rtentry$$0000000A) refers to libinit.o(.ARM.Collect$$libinit$$00000000) for __rt_lib_init
    __rtentry2.o(.ARM.Collect$$rtentry$$0000000B) refers to boardinit3.o(.text) for _platform_post_lib_init
    __rtentry2.o(.ARM.Collect$$rtentry$$0000000D) refers to sample.o(.text) for main
    __rtentry2.o(.ARM.Collect$$rtentry$$0000000D) refers to exit.o(.text) for exit
    __rtentry2.o(.ARM.exidx) refers to __rtentry2.o(.ARM.Collect$$rtentry$$00000001) for .ARM.Collect$$rtentry$$00000001
    __rtentry2.o(.ARM.exidx) refers to __rtentry2.o(.ARM.Collect$$rtentry$$00000008) for .ARM.Collect$$rtentry$$00000008
    __rtentry2.o(.ARM.exidx) refers to __rtentry2.o(.ARM.Collect$$rtentry$$0000000A) for .ARM.Collect$$rtentry$$0000000A
    __rtentry2.o(.ARM.exidx) refers to __rtentry2.o(.ARM.Collect$$rtentry$$0000000B) for .ARM.Collect$$rtentry$$0000000B
    __rtentry2.o(.ARM.exidx) refers to __rtentry2.o(.ARM.Collect$$rtentry$$0000000D) for .ARM.Collect$$rtentry$$0000000D
    __rtentry4.o(.ARM.Collect$$rtentry$$00000004) refers to sys_stackheap_outer.o(.text) for __user_setup_stackheap
    __rtentry4.o(.ARM.exidx) refers to __rtentry4.o(.ARM.Collect$$rtentry$$00000004) for .ARM.Collect$$rtentry$$00000004
    sys_stackheap_outer.o(.text) refers to libspace.o(.text) for __user_perproc_libspace
    sys_stackheap_outer.o(.text) refers to startup_lpc17xx.o(.text) for __user_initial_stackheap
    exit.o(.text) refers to rtexit.o(.ARM.Collect$$rtexit$$00000000) for __rt_exit
    libinit.o(.ARM.Collect$$libinit$$00000000) refers (Special) to libinit2.o(.ARM.Collect$$libinit$$0000002E) for __rt_lib_init_alloca_1
    libinit.o(.ARM.Collect$$libinit$$00000000) refers (Special) to libinit2.o(.ARM.Collect$$libinit$$0000002C) for __rt_lib_init_argv_1
    libinit.o(.ARM.Collect$$libinit$$00000000) refers (Special) to libinit2.o(.ARM.Collect$$libinit$$0000001B) for __rt_lib_init_atexit_1
    libinit.o(.ARM.Collect$$libinit$$00000000) refers (Special) to libinit2.o(.ARM.Collect$$libinit$$00000021) for __rt_lib_init_clock_1
    libinit.o(.ARM.Collect$$libinit$$00000000) refers (Special) to libinit2.o(.ARM.Collect$$libinit$$00000032) for __rt_lib_init_cpp_1
    libinit.o(.ARM.Collect$$libinit$$00000000) refers (Special) to libinit2.o(.ARM.Collect$$libinit$$00000030) for __rt_lib_init_exceptions_1
    libinit.o(.ARM.Collect$$libinit$$00000000) refers (Special) to libinit2.o(.ARM.Collect$$libinit$$00000002) for __rt_lib_init_fp_1
    libinit.o(.ARM.Collect$$libinit$$00000000) refers (Special) to libinit2.o(.ARM.Collect$$libinit$$0000001F) for __rt_lib_init_fp_trap_1
    libinit.o(.ARM.Collect$$libinit$$00000000) refers (Special) to libinit2.o(.ARM.Collect$$libinit$$00000023) for __rt_lib_init_getenv_1
    libinit.o(.ARM.Collect$$libinit$$00000000) refers (Special) to libinit2.o(.ARM.Collect$$libinit$$0000000A) for __rt_lib_init_heap_1
    libinit.o(.ARM.Collect$$libinit$$00000000) refers (Special) to libinit2.o(.ARM.Collect$$libinit$$00000011) for __rt_lib_init_lc_collate_1
    libinit.o(.ARM.Collect$$libinit$$00000000) refers (Special) to libinit2.o(.ARM.Collect$$libinit$$00000013) for __rt_lib_init_lc_ctype_1
    libinit.o(.ARM.Collect$$libinit$$00000000) refers (Special) to libinit2.o(.ARM.Collect$$libinit$$00000015) for __rt_lib_init_lc_monetary_1
    libinit.o(.ARM.Collect$$libinit$$00000000) refers (Special) to libinit2.o(.ARM.Collect$$libinit$$00000017) for __rt_lib_init_lc_numeric_1
    libinit.o(.ARM.Collect$$libinit$$00000000) refers (Special) to libinit2.o(.ARM.Collect$$libinit$$00000019) for __rt_lib_init_lc_time_1
    libinit.o(.ARM.Collect$$libinit$$00000000) refers (Special) to libinit2.o(.ARM.Collect$$libinit$$00000004) for __rt_lib_init_preinit_1
    libinit.o(.ARM.Collect$$libinit$$00000000) refers (Special) to libinit2.o(.ARM.Collect$$libinit$$0000000E) for __rt_lib_init_rand_1
    libinit.o(.ARM.Collect$$libinit$$00000000) refers (Special) to libinit2.o(.ARM.Collect$$libinit$$00000033) for __rt_lib_init_return
    libinit.o(.ARM.Collect$$libinit$$00000000) refers (Special) to libinit2.o(.ARM.Collect$$libinit$$0000001D) for __rt_lib_init_signal_1
    libinit.o(.ARM.Collect$$libinit$$00000000) refers (Special) to libinit2.o(.ARM.Collect$$libinit$$00000025) for __rt_lib_init_stdio_1
    libinit.o(.ARM.Collect$$libinit$$00000000) refers (Special) to libinit2.o(.ARM.Collect$$libinit$$0000000C) for __rt_lib_init_user_alloc_1
    libspace.o(.text) refers to libspace.o(.bss) for __libspace_start
    rtexit.o(.ARM.Collect$$rtexit$$00000000) refers (Special) to rtexit2.o(.ARM.Collect$$rtexit$$00000004) for __rt_exit_exit
    rtexit.o(.ARM.Collect$$rtexit$$00000000) refers (Special) to rtexit2.o(.ARM.Collect$$rtexit$$00000003) for __rt_exit_ls
    rtexit.o(.ARM.Collect$$rtexit$$00000000) refers (Special) to rtexit2.o(.ARM.Collect$$rtexit$$00000002) for __rt_exit_prels_1
    rtexit.o(.ARM.exidx) refers (Special) to rtexit2.o(.ARM.Collect$$rtexit$$00000004) for __rt_exit_exit
    rtexit.o(.ARM.exidx) refers (Special) to rtexit2.o(.ARM.Collect$$rtexit$$00000003) for __rt_exit_ls
    rtexit.o(.ARM.exidx) refers (Special) to rtexit2.o(.ARM.Collect$$rtexit$$00000002) for __rt_exit_prels_1
    rtexit.o(.ARM.exidx) refers to rtexit.o(.ARM.Collect$$rtexit$$00000000) for .ARM.Collect$$rtexit$$00000000
    libinit2.o(.ARM.Collect$$libinit$$00000010) refers to libinit2.o(.ARM.Collect$$libinit$$0000000F) for .ARM.Collect$$libinit$$0000000F
    libinit2.o(.ARM.Collect$$libinit$$00000012) refers to libinit2.o(.ARM.Collect$$libinit$$0000000F) for .ARM.Collect$$libinit$$0000000F
    libinit2.o(.ARM.Collect$$libinit$$00000014) refers to libinit2.o(.ARM.Collect$$libinit$$0000000F) for .ARM.Collect$$libinit$$0000000F
    libinit2.o(.ARM.Collect$$libinit$$00000016) refers to libinit2.o(.ARM.Collect$$libinit$$0000000F) for .ARM.Collect$$libinit$$0000000F
    libinit2.o(.ARM.Collect$$libinit$$00000018) refers to libinit2.o(.ARM.Collect$$libinit$$0000000F) for .ARM.Collect$$libinit$$0000000F
    libinit2.o(.ARM.Collect$$libinit$$00000026) refers to argv_veneer.o(.emb_text) for __ARM_argv_veneer
    libinit2.o(.ARM.Collect$$libinit$$00000027) refers to argv_veneer.o(.emb_text) for __ARM_argv_veneer
    rtexit2.o(.ARM.Collect$$rtexit$$00000003) refers to libshutdown.o(.ARM.Collect$$libshutdown$$00000000) for __rt_lib_shutdown
    rtexit2.o(.ARM.Collect$$rtexit$$00000004) refers to sys_exit.o(.text) for _sys_exit
    rtexit2.o(.ARM.exidx) refers to rtexit2.o(.ARM.Collect$$rtexit$$00000001) for .ARM.Collect$$rtexit$$00000001
    rtexit2.o(.ARM.exidx) refers to rtexit2.o(.ARM.Collect$$rtexit$$00000003) for .ARM.Collect$$rtexit$$00000003
    rtexit2.o(.ARM.exidx) refers to rtexit2.o(.ARM.Collect$$rtexit$$00000004) for .ARM.Collect$$rtexit$$00000004
    argv_veneer.o(.emb_text) refers to no_argv.o(.text) for __ARM_get_argv
    sys_exit.o(.text) refers (Special) to use_no_semi.o(.text) for __I$use$semihosting
    sys_exit.o(.text) refers (Special) to indicate_semi.o(.text) for __semihosting_library_function
    _get_argv_nomalloc.o(.text) refers (Special) to hrguard.o(.text) for __heap_region$guard
    _get_argv_nomalloc.o(.text) refers to defsig_rtmem_outer.o(.text) for __rt_SIGRTMEM
    _get_argv_nomalloc.o(.text) refers to sys_command.o(.text) for _sys_command_string
    libshutdown.o(.ARM.Collect$$libshutdown$$00000000) refers (Special) to libshutdown2.o(.ARM.Collect$$libshutdown$$00000004) for __rt_lib_shutdown_cpp_1
    libshutdown.o(.ARM.Collect$$libshutdown$$00000000) refers (Special) to libshutdown2.o(.ARM.Collect$$libshutdown$$00000002) for __rt_lib_shutdown_fini_1
    libshutdown.o(.ARM.Collect$$libshutdown$$00000000) refers (Special) to libshutdown2.o(.ARM.Collect$$libshutdown$$00000009) for __rt_lib_shutdown_fp_trap_1
    libshutdown.o(.ARM.Collect$$libshutdown$$00000000) refers (Special) to libshutdown2.o(.ARM.Collect$$libshutdown$$00000011) for __rt_lib_shutdown_heap_1
    libshutdown.o(.ARM.Collect$$libshutdown$$00000000) refers (Special) to libshutdown2.o(.ARM.Collect$$libshutdown$$00000012) for __rt_lib_shutdown_return
    libshutdown.o(.ARM.Collect$$libshutdown$$00000000) refers (Special) to libshutdown2.o(.ARM.Collect$$libshutdown$$0000000C) for __rt_lib_shutdown_signal_1
    libshutdown.o(.ARM.Collect$$libshutdown$$00000000) refers (Special) to libshutdown2.o(.ARM.Collect$$libshutdown$$00000006) for __rt_lib_shutdown_stdio_1
    libshutdown.o(.ARM.Collect$$libshutdown$$00000000) refers (Special) to libshutdown2.o(.ARM.Collect$$libshutdown$$0000000E) for __rt_lib_shutdown_user_alloc_1
    sys_command.o(.text) refers (Special) to use_no_semi.o(.text) for __I$use$semihosting
    sys_command.o(.text) refers (Special) to indicate_semi.o(.text) for __semihosting_library_function
    defsig_rtmem_outer.o(.text) refers to defsig_rtmem_inner.o(.text) for __rt_SIGRTMEM_inner
    defsig_rtmem_outer.o(.text) refers to defsig_exit.o(.text) for __sig_exit
    defsig_rtmem_formal.o(.text) refers to rt_raise.o(.text) for __rt_raise
    rt_raise.o(.text) refers to __raise.o(.text) for __raise
    rt_raise.o(.text) refers to sys_exit.o(.text) for _sys_exit
    defsig_exit.o(.text) refers to sys_exit.o(.text) for _sys_exit
    defsig_rtmem_inner.o(.text) refers to defsig_general.o(.text) for __default_signal_display
    __raise.o(.text) refers to defsig.o(CL$$defsig) for __default_signal_handler
    defsig_general.o(.text) refers to sys_wrch.o(.text) for _ttywrch
    sys_wrch.o(.text) refers (Special) to use_no_semi.o(.text) for __I$use$semihosting
    sys_wrch.o(.text) refers (Special) to indicate_semi.o(.text) for __semihosting_library_function
    defsig.o(CL$$defsig) refers to defsig_rtmem_inner.o(.text) for __rt_SIGRTMEM_inner
    defsig_abrt_inner.o(.text) refers to defsig_general.o(.text) for __default_signal_display
    defsig_fpe_inner.o(.text) refers to defsig_general.o(.text) for __default_signal_display
    defsig_rtred_inner.o(.text) refers to defsig_general.o(.text) for __default_signal_display
    defsig_stak_inner.o(.text) refers to defsig_general.o(.text) for __default_signal_display
    defsig_pvfn_inner.o(.text) refers to defsig_general.o(.text) for __default_signal_display
    defsig_cppl_inner.o(.text) refers to defsig_general.o(.text) for __default_signal_display
    defsig_segv_inner.o(.text) refers to defsig_general.o(.text) for __default_signal_display
    defsig_other.o(.text) refers to defsig_general.o(.text) for __default_signal_display


==============================================================================

Removing Unused input sections from the image.

    Removing sample.o(.rev16_text), (4 bytes).
    Removing sample.o(.revsh_text), (4 bytes).
    Removing sample.o(.rrx_text), (6 bytes).
    Removing core_cm3.o(.emb_text), (32 bytes).
    Removing system_lpc17xx.o(.rev16_text), (4 bytes).
    Removing system_lpc17xx.o(.revsh_text), (4 bytes).
    Removing system_lpc17xx.o(.rrx_text), (6 bytes).
    Removing irq_timer.o(.rev16_text), (4 bytes).
    Removing irq_timer.o(.revsh_text), (4 bytes).
    Removing irq_timer.o(.rrx_text), (6 bytes).
    Removing lib_timer.o(.rev16_text), (4 bytes).
    Removing lib_timer.o(.revsh_text), (4 bytes).
    Removing lib_timer.o(.rrx_text), (6 bytes).
    Removing graphic.o(.rev16_text), (4 bytes).
    Removing graphic.o(.revsh_text), (4 bytes).
    Removing graphic.o(.rrx_text), (6 bytes).
    Removing glcd.o(.rev16_text), (4 bytes).
    Removing glcd.o(.revsh_text), (4 bytes).
    Removing glcd.o(.rrx_text), (6 bytes).
    Removing hzlib.o(.text), (52 bytes).
    Removing hzlib.o(.constdata), (216576 bytes).
    Removing touchpanel.o(.rev16_text), (4 bytes).
    Removing touchpanel.o(.revsh_text), (4 bytes).
    Removing touchpanel.o(.rrx_text), (6 bytes).
    Removing irq_rit.o(.rev16_text), (4 bytes).
    Removing irq_rit.o(.revsh_text), (4 bytes).
    Removing irq_rit.o(.rrx_text), (6 bytes).
    Removing lib_rit.o(.rev16_text), (4 bytes).
    Removing lib_rit.o(.revsh_text), (4 bytes).
    Removing lib_rit.o(.rrx_text), (6 bytes).
    Removing irq_button.o(.rev16_text), (4 bytes).
    Removing irq_button.o(.revsh_text), (4 bytes).
    Removing irq_button.o(.rrx_text), (6 bytes).
    Removing lib_button.o(.rev16_text), (4 bytes).
    Removing lib_button.o(.revsh_text), (4 bytes).
    Removing lib_button.o(.rrx_text), (6 bytes).
    Removing lib_joystick.o(.rev16_text), (4 bytes).
    Removing lib_joystick.o(.revsh_text), (4 bytes).
    Removing lib_joystick.o(.rrx_text), (6 bytes).
    Removing funct_joystick.o(.rev16_text), (4 bytes).
    Removing funct_joystick.o(.revsh_text), (4 bytes).
    Removing funct_joystick.o(.rrx_text), (6 bytes).
    Removing funct_joystick.o(.text), (2 bytes).

43 unused section(s) (total 216844 bytes) removed from the image.

==============================================================================

Image Symbol Table

    Local Symbols

    Symbol Name                              Value     Ov Type        Size  Object(Section)

    RESET                                    0x00000000   Section      204  startup_lpc17xx.o(RESET)
    ../clib/angel/boardlib.s                 0x00000000   Number         0  boardinit1.o ABSOLUTE
    ../clib/angel/boardlib.s                 0x00000000   Number         0  boardinit2.o ABSOLUTE
    ../clib/angel/boardlib.s                 0x00000000   Number         0  boardshut.o ABSOLUTE
    ../clib/angel/boardlib.s                 0x00000000   Number         0  boardinit3.o ABSOLUTE
    ../clib/angel/dczerorl2.s                0x00000000   Number         0  __dczerorl2.o ABSOLUTE
    ../clib/angel/handlers.s                 0x00000000   Number         0  __scatter_copy.o ABSOLUTE
    ../clib/angel/handlers.s                 0x00000000   Number         0  __scatter_zi.o ABSOLUTE
    ../clib/angel/kernel.s                   0x00000000   Number         0  rtexit.o ABSOLUTE
    ../clib/angel/kernel.s                   0x00000000   Number         0  __rtentry2.o ABSOLUTE
    ../clib/angel/kernel.s                   0x00000000   Number         0  rtexit2.o ABSOLUTE
    ../clib/angel/kernel.s                   0x00000000   Number         0  __rtentry4.o ABSOLUTE
    ../clib/angel/kernel.s                   0x00000000   Number         0  __rtentry.o ABSOLUTE
    ../clib/angel/rt.s                       0x00000000   Number         0  rt_raise.o ABSOLUTE
    ../clib/angel/scatter.s                  0x00000000   Number         0  __scatter.o ABSOLUTE
    ../clib/angel/startup.s                  0x00000000   Number         0  __main.o ABSOLUTE
    ../clib/angel/sys.s                      0x00000000   Number         0  sys_stackheap_outer.o ABSOLUTE
    ../clib/angel/sys.s                      0x00000000   Number         0  libspace.o ABSOLUTE
    ../clib/angel/sys.s                      0x00000000   Number         0  use_no_semi.o ABSOLUTE
    ../clib/angel/sys.s                      0x00000000   Number         0  indicate_semi.o ABSOLUTE
    ../clib/angel/sysapp.c                   0x00000000   Number         0  sys_wrch.o ABSOLUTE
    ../clib/angel/sysapp.c                   0x00000000   Number         0  sys_command.o ABSOLUTE
    ../clib/angel/sysapp.c                   0x00000000   Number         0  sys_exit.o ABSOLUTE
    ../clib/armsys.c                         0x00000000   Number         0  argv_veneer.o ABSOLUTE
    ../clib/armsys.c                         0x00000000   Number         0  _get_argv_nomalloc.o ABSOLUTE
    ../clib/armsys.c                         0x00000000   Number         0  no_argv.o ABSOLUTE
    ../clib/armsys.c                         0x00000000   Number         0  argv_veneer.o ABSOLUTE
    ../clib/heapalloc.c                      0x00000000   Number         0  hrguard.o ABSOLUTE
    ../clib/heapaux.c                        0x00000000   Number         0  heapauxi.o ABSOLUTE
    ../clib/libinit.s                        0x00000000   Number         0  libinit.o ABSOLUTE
    ../clib/libinit.s                        0x00000000   Number         0  libinit2.o ABSOLUTE
    ../clib/libinit.s                        0x00000000   Number         0  libshutdown2.o ABSOLUTE
    ../clib/libinit.s                        0x00000000   Number         0  libshutdown.o ABSOLUTE
    ../clib/memcpset.s                       0x00000000   Number         0  rt_memcpy_w.o ABSOLUTE
    ../clib/memcpset.s                       0x00000000   Number         0  rt_memclr_w.o ABSOLUTE
    ../clib/memcpset.s                       0x00000000   Number         0  rt_memcpy_v6.o ABSOLUTE
    ../clib/misc.s                           0x00000000   Number         0  printf_stubs.o ABSOLUTE
    ../clib/printf.c                         0x00000000   Number         0  _printf_dec.o ABSOLUTE
    ../clib/printf.c                         0x00000000   Number         0  __printf_flags_wp.o ABSOLUTE
    ../clib/printf.c                         0x00000000   Number         0  __printf_ss_wp.o ABSOLUTE
    ../clib/printf.c                         0x00000000   Number         0  _sputc.o ABSOLUTE
    ../clib/printf.c                         0x00000000   Number         0  __printf_nopercent.o ABSOLUTE
    ../clib/printf.c                         0x00000000   Number         0  _printf_char_common.o ABSOLUTE
    ../clib/printf.c                         0x00000000   Number         0  _printf_intcommon.o ABSOLUTE
    ../clib/printf.c                         0x00000000   Number         0  __printf_wp.o ABSOLUTE
    ../clib/printf.c                         0x00000000   Number         0  __printf_flags_ss.o ABSOLUTE
    ../clib/printf.c                         0x00000000   Number         0  __printf_ss.o ABSOLUTE
    ../clib/printf.c                         0x00000000   Number         0  __printf_flags.o ABSOLUTE
    ../clib/printf.c                         0x00000000   Number         0  _printf_pad.o ABSOLUTE
    ../clib/printf.c                         0x00000000   Number         0  __2sprintf.o ABSOLUTE
    ../clib/printf.c                         0x00000000   Number         0  noretval__2sprintf.o ABSOLUTE
    ../clib/printf.c                         0x00000000   Number         0  __printf_flags_ss_wp.o ABSOLUTE
    ../clib/printf.c                         0x00000000   Number         0  __printf.o ABSOLUTE
    ../clib/printf_percent.s                 0x00000000   Number         0  _printf_percent_end.o ABSOLUTE
    ../clib/printf_percent.s                 0x00000000   Number         0  _printf_percent.o ABSOLUTE
    ../clib/printf_percent.s                 0x00000000   Number         0  _printf_d.o ABSOLUTE
    ../clib/printf_percent.s                 0x00000000   Number         0  _printf_i.o ABSOLUTE
    ../clib/signal.c                         0x00000000   Number         0  defsig_rtred_inner.o ABSOLUTE
    ../clib/signal.c                         0x00000000   Number         0  defsig_fpe_inner.o ABSOLUTE
    ../clib/signal.c                         0x00000000   Number         0  defsig_segv_inner.o ABSOLUTE
    ../clib/signal.c                         0x00000000   Number         0  defsig_abrt_inner.o ABSOLUTE
    ../clib/signal.c                         0x00000000   Number         0  defsig_cppl_inner.o ABSOLUTE
    ../clib/signal.c                         0x00000000   Number         0  defsig_rtmem_formal.o ABSOLUTE
    ../clib/signal.c                         0x00000000   Number         0  defsig_exit.o ABSOLUTE
    ../clib/signal.c                         0x00000000   Number         0  defsig_rtmem_inner.o ABSOLUTE
    ../clib/signal.c                         0x00000000   Number         0  __raise.o ABSOLUTE
    ../clib/signal.c                         0x00000000   Number         0  defsig_other.o ABSOLUTE
    ../clib/signal.c                         0x00000000   Number         0  defsig_general.o ABSOLUTE
    ../clib/signal.c                         0x00000000   Number         0  defsig_stak_inner.o ABSOLUTE
    ../clib/signal.c                         0x00000000   Number         0  defsig_pvfn_inner.o ABSOLUTE
    ../clib/signal.c                         0x00000000   Number         0  defsig_rtmem_outer.o ABSOLUTE
    ../clib/signal.s                         0x00000000   Number         0  defsig.o ABSOLUTE
    ../clib/stdlib.c                         0x00000000   Number         0  exit.o ABSOLUTE
    ../fplib/daddsub.s                       0x00000000   Number         0  daddsub_clz.o ABSOLUTE
    ../fplib/dcmpi.s                         0x00000000   Number         0  dcmpi.o ABSOLUTE
    ../fplib/ddiv.s                          0x00000000   Number         0  ddiv.o ABSOLUTE
    ../fplib/deqf.s                          0x00000000   Number         0  deqf.o ABSOLUTE
    ../fplib/dfixu.s                         0x00000000   Number         0  dfixu.o ABSOLUTE
    ../fplib/dflt.s                          0x00000000   Number         0  dflt_clz.o ABSOLUTE
    ../fplib/dmul.s                          0x00000000   Number         0  dmul.o ABSOLUTE
    ../fplib/dnaninf.s                       0x00000000   Number         0  dnaninf.o ABSOLUTE
    ../fplib/dretinf.s                       0x00000000   Number         0  dretinf.o ABSOLUTE
    ../fplib/fpinit.s                        0x00000000   Number         0  fpinit.o ABSOLUTE
    ../fplib/usenofp.s                       0x00000000   Number         0  usenofp.o ABSOLUTE
    GLCD\AsciiLib.c                          0x00000000   Number         0  asciilib.o ABSOLUTE
    GLCD\GLCD.c                              0x00000000   Number         0  glcd.o ABSOLUTE
    GLCD\HzLib.c                             0x00000000   Number         0  hzlib.o ABSOLUTE
    GLCD\\GLCD.c                             0x00000000   Number         0  glcd.o ABSOLUTE
    RIT\IRQ_RIT.c                            0x00000000   Number         0  irq_rit.o ABSOLUTE
    RIT\\IRQ_RIT.c                           0x00000000   Number         0  irq_rit.o ABSOLUTE
    RIT\\lib_RIT.c                           0x00000000   Number         0  lib_rit.o ABSOLUTE
    RIT\lib_RIT.c                            0x00000000   Number         0  lib_rit.o ABSOLUTE
    TouchPanel\TouchPanel.c                  0x00000000   Number         0  touchpanel.o ABSOLUTE
    TouchPanel\\TouchPanel.c                 0x00000000   Number         0  touchpanel.o ABSOLUTE
    button_EXINT\IRQ_button.c                0x00000000   Number         0  irq_button.o ABSOLUTE
    button_EXINT\\IRQ_button.c               0x00000000   Number         0  irq_button.o ABSOLUTE
    button_EXINT\\lib_button.c               0x00000000   Number         0  lib_button.o ABSOLUTE
    button_EXINT\lib_button.c                0x00000000   Number         0  lib_button.o ABSOLUTE
    core_cm3.c                               0x00000000   Number         0  core_cm3.o ABSOLUTE
    core_cm3.c                               0x00000000   Number         0  core_cm3.o ABSOLUTE
    dc.s                                     0x00000000   Number         0  dc.o ABSOLUTE
    game\\graphic.c                          0x00000000   Number         0  graphic.o ABSOLUTE
    game\board.c                             0x00000000   Number         0  board.o ABSOLUTE
    game\graphic.c                           0x00000000   Number         0  graphic.o ABSOLUTE
    joystick\\funct_joystick.c               0x00000000   Number         0  funct_joystick.o ABSOLUTE
    joystick\\lib_joystick.c                 0x00000000   Number         0  lib_joystick.o ABSOLUTE
    joystick\funct_joystick.c                0x00000000   Number         0  funct_joystick.o ABSOLUTE
    joystick\lib_joystick.c                  0x00000000   Number         0  lib_joystick.o ABSOLUTE
    sample.c                                 0x00000000   Number         0  sample.o ABSOLUTE
    sample.c                                 0x00000000   Number         0  sample.o ABSOLUTE
    startup_LPC17xx.s                        0x00000000   Number         0  startup_lpc17xx.o ABSOLUTE
    system_LPC17xx.c                         0x00000000   Number         0  system_lpc17xx.o ABSOLUTE
    system_LPC17xx.c                         0x00000000   Number         0  system_lpc17xx.o ABSOLUTE
    timer\IRQ_timer.c                        0x00000000   Number         0  irq_timer.o ABSOLUTE
    timer\\IRQ_timer.c                       0x00000000   Number         0  irq_timer.o ABSOLUTE
    timer\\lib_timer.c                       0x00000000   Number         0  lib_timer.o ABSOLUTE
    timer\lib_timer.c                        0x00000000   Number         0  lib_timer.o ABSOLUTE
    !!!main                                  0x000000cc   Section        8  __main.o(!!!main)
    !!!scatter                               0x000000d4   Section       52  __scatter.o(!!!scatter)
    !!dczerorl2                              0x00000108   Section       90  __dczerorl2.o(!!dczerorl2)
    !!handler_copy                           0x00000164   Section       26  __scatter_copy.o(!!handler_copy)
    !!handler_zi                             0x00000180   Section       28  __scatter_zi.o(!!handler_zi)
    .ARM.Collect$$_printf_percent$$00000000  0x0000019c   Section        0  _printf_percent.o(.ARM.Collect$$_printf_percent$$00000000)
    .ARM.Collect$$_printf_percent$$00000008  0x0000019c   Section        6  _printf_i.o(.ARM.Collect$$_printf_percent$$00000008)
    .ARM.Collect$$_printf_percent$$00000009  0x000001a2   Section        6  _printf_d.o(.ARM.Collect$$_printf_percent$$00000009)
    .ARM.Collect$$_printf_percent$$00000017  0x000001a8   Section        4  _printf_percent_end.o(.ARM.Collect$$_printf_percent$$00000017)
    .ARM.Collect$$libinit$$00000000          0x000001ac   Section        2  libinit.o(.ARM.Collect$$libinit$$00000000)
    .ARM.Collect$$libinit$$00000002          0x000001ae   Section        0  libinit2.o(.ARM.Collect$$libinit$$00000002)
    .ARM.Collect$$libinit$$00000004          0x000001ae   Section        0  libinit2.o(.ARM.Collect$$libinit$$00000004)
    .ARM.Collect$$libinit$$0000000A          0x000001ae   Section        0  libinit2.o(.ARM.Collect$$libinit$$0000000A)
    .ARM.Collect$$libinit$$0000000C          0x000001ae   Section        0  libinit2.o(.ARM.Collect$$libinit$$0000000C)
    .ARM.Collect$$libinit$$0000000E          0x000001ae   Section        0  libinit2.o(.ARM.Collect$$libinit$$0000000E)
    .ARM.Collect$$libinit$$00000011          0x000001ae   Section        0  libinit2.o(.ARM.Collect$$libinit$$00000011)
    .ARM.Collect$$libinit$$00000013          0x000001ae   Section        0  libinit2.o(.ARM.Collect$$libinit$$00000013)
    .ARM.Collect$$libinit$$00000015          0x000001ae   Section        0  libinit2.o(.ARM.Collect$$libinit$$00000015)
    .ARM.Collect$$libinit$$00000017          0x000001ae   Section        0  libinit2.o(.ARM.Collect$$libinit$$00000017)
    .ARM.Collect$$libinit$$00000019          0x000001ae   Section        0  libinit2.o(.ARM.Collect$$libinit$$00000019)
    .ARM.Collect$$libinit$$0000001B          0x000001ae   Section        0  libinit2.o(.ARM.Collect$$libinit$$0000001B)
    .ARM.Collect$$libinit$$0000001D          0x000001ae   Section        0  libinit2.o(.ARM.Collect$$libinit$$0000001D)
    .ARM.Collect$$libinit$$0000001F          0x000001ae   Section        0  libinit2.o(.ARM.Collect$$libinit$$0000001F)
    .ARM.Collect$$libinit$$00000021          0x000001ae   Section        0  libinit2.o(.ARM.Collect$$libinit$$00000021)
    .ARM.Collect$$libinit$$00000023          0x000001ae   Section        0  libinit2.o(.ARM.Collect$$libinit$$00000023)
    .ARM.Collect$$libinit$$00000025          0x000001ae   Section        0  libinit2.o(.ARM.Collect$$libinit$$00000025)
    .ARM.Collect$$libinit$$0000002C          0x000001ae   Section        0  libinit2.o(.ARM.Collect$$libinit$$0000002C)
    .ARM.Collect$$libinit$$0000002E          0x000001ae   Section        0  libinit2.o(.ARM.Collect$$libinit$$0000002E)
    .ARM.Collect$$libinit$$00000030          0x000001ae   Section        0  libinit2.o(.ARM.Collect$$libinit$$00000030)
    .ARM.Collect$$libinit$$00000032          0x000001ae   Section        0  libinit2.o(.ARM.Collect$$libinit$$00000032)
    .ARM.Collect$$libinit$$00000033          0x000001ae   Section        2  libinit2.o(.ARM.Collect$$libinit$$00000033)
    .ARM.Collect$$libshutdown$$00000000      0x000001b0   Section        2  libshutdown.o(.ARM.Collect$$libshutdown$$00000000)
    .ARM.Collect$$libshutdown$$00000002      0x000001b2   Section        0  libshutdown2.o(.ARM.Collect$$libshutdown$$00000002)
    .ARM.Collect$$libshutdown$$00000004      0x000001b2   Section        0  libshutdown2.o(.ARM.Collect$$libshutdown$$00000004)
    .ARM.Collect$$libshutdown$$00000006      0x000001b2   Section        0  libshutdown2.o(.ARM.Collect$$libshutdown$$00000006)
    .ARM.Collect$$libshutdown$$00000009      0x000001b2   Section        0  libshutdown2.o(.ARM.Collect$$libshutdown$$00000009)
    .ARM.Collect$$libshutdown$$0000000C      0x000001b2   Section        0  libshutdown2.o(.ARM.Collect$$libshutdown$$0000000C)
    .ARM.Collect$$libshutdown$$0000000E      0x000001b2   Section        0  libshutdown2.o(.ARM.Collect$$libshutdown$$0000000E)
    .ARM.Collect$$libshutdown$$00000011      0x000001b2   Section        0  libshutdown2.o(.ARM.Collect$$libshutdown$$00000011)
    .ARM.Collect$$libshutdown$$00000012      0x000001b2   Section        2  libshutdown2.o(.ARM.Collect$$libshutdown$$00000012)
    .ARM.Collect$$rtentry$$00000000          0x000001b4   Section        0  __rtentry.o(.ARM.Collect$$rtentry$$00000000)
    .ARM.Collect$$rtentry$$00000002          0x000001b4   Section        0  __rtentry2.o(.ARM.Collect$$rtentry$$00000002)
    .ARM.Collect$$rtentry$$00000004          0x000001b4   Section        6  __rtentry4.o(.ARM.Collect$$rtentry$$00000004)
    .ARM.Collect$$rtentry$$00000009          0x000001ba   Section        0  __rtentry2.o(.ARM.Collect$$rtentry$$00000009)
    .ARM.Collect$$rtentry$$0000000A          0x000001ba   Section        4  __rtentry2.o(.ARM.Collect$$rtentry$$0000000A)
    .ARM.Collect$$rtentry$$0000000C          0x000001be   Section        0  __rtentry2.o(.ARM.Collect$$rtentry$$0000000C)
    .ARM.Collect$$rtentry$$0000000D          0x000001be   Section        8  __rtentry2.o(.ARM.Collect$$rtentry$$0000000D)
    .ARM.Collect$$rtexit$$00000000           0x000001c6   Section        2  rtexit.o(.ARM.Collect$$rtexit$$00000000)
    .ARM.Collect$$rtexit$$00000002           0x000001c8   Section        0  rtexit2.o(.ARM.Collect$$rtexit$$00000002)
    .ARM.Collect$$rtexit$$00000003           0x000001c8   Section        4  rtexit2.o(.ARM.Collect$$rtexit$$00000003)
    .ARM.Collect$$rtexit$$00000004           0x000001cc   Section        6  rtexit2.o(.ARM.Collect$$rtexit$$00000004)
    .text                                    0x000001d4   Section       52  startup_lpc17xx.o(.text)
    .text                                    0x00000208   Section        0  sample.o(.text)
    .text                                    0x0000024c   Section        0  lib_timer.o(.text)
    __NVIC_EnableIRQ                         0x0000024d   Thumb Code    34  lib_timer.o(.text)
    .text                                    0x000002f4   Section        0  heapauxi.o(.text)
    .text                                    0x000002fa   Section        2  use_no_semi.o(.text)
    .ARM.__at_0x02FC                         0x000002fc   Section        4  startup_lpc17xx.o(.ARM.__at_0x02FC)
    .text                                    0x00000300   Section        0  system_lpc17xx.o(.text)
    .text                                    0x0000054c   Section        0  irq_timer.o(.text)
    .text                                    0x000006d8   Section        0  graphic.o(.text)
    .text                                    0x00001458   Section        0  board.o(.text)
    .text                                    0x00001964   Section        0  asciilib.o(.text)
    .text                                    0x00001984   Section        0  glcd.o(.text)
    LCD_Configuration                        0x00001985   Thumb Code    20  glcd.o(.text)
    wait_delay                               0x00001999   Thumb Code    12  glcd.o(.text)
    LCD_SetCursor                            0x000019a5   Thumb Code  1356  glcd.o(.text)
    delay_ms                                 0x00001ef1   Thumb Code    30  glcd.o(.text)
    LCD_BGR2RGB                              0x000053ed   Thumb Code    26  glcd.o(.text)
    .text                                    0x00005a68   Section        0  touchpanel.o(.text)
    ADS7843_SPI_Init                         0x00005a79   Thumb Code   128  touchpanel.o(.text)
    DelayUS                                  0x00005b17   Thumb Code    28  touchpanel.o(.text)
    WR_CMD                                   0x00005b33   Thumb Code    56  touchpanel.o(.text)
    RD_AD                                    0x00005b6b   Thumb Code    42  touchpanel.o(.text)
    .text                                    0x000063e0   Section        0  irq_rit.o(.text)
    .text                                    0x00006478   Section        0  lib_rit.o(.text)
    .text                                    0x0000650c   Section        0  irq_button.o(.text)
    .text                                    0x00006594   Section        0  lib_button.o(.text)
    __NVIC_EnableIRQ                         0x00006595   Thumb Code    34  lib_button.o(.text)
    __NVIC_SetPriority                       0x000065b7   Thumb Code    32  lib_button.o(.text)
    .text                                    0x00006660   Section        0  lib_joystick.o(.text)
    .text                                    0x00006684   Section        0  noretval__2sprintf.o(.text)
    .text                                    0x000066ac   Section        0  _printf_pad.o(.text)
    .text                                    0x000066fc   Section        0  _printf_dec.o(.text)
    .text                                    0x00006774   Section        0  __printf_wp.o(.text)
    .text                                    0x00006882   Section      138  rt_memcpy_v6.o(.text)
    .text                                    0x0000690c   Section       78  rt_memclr_w.o(.text)
    .text                                    0x0000695a   Section        0  _printf_intcommon.o(.text)
    .text                                    0x00006a0c   Section        0  _printf_char_common.o(.text)
    _printf_input_char                       0x00006a0d   Thumb Code    10  _printf_char_common.o(.text)
    .text                                    0x00006a3c   Section        0  _sputc.o(.text)
    .text                                    0x00006a46   Section      100  rt_memcpy_w.o(.text)
    .text                                    0x00006aaa   Section       74  sys_stackheap_outer.o(.text)
    .text                                    0x00006af4   Section        0  exit.o(.text)
    .text                                    0x00006b08   Section        8  libspace.o(.text)
    .text                                    0x00006b10   Section        0  sys_exit.o(.text)
    .text                                    0x00006b1c   Section        0  indicate_semi.o(.text)
    i._is_digit                              0x00006b1c   Section        0  __printf_wp.o(i._is_digit)
    x$fpl$dadd                               0x00006b2c   Section      336  daddsub_clz.o(x$fpl$dadd)
    _dadd1                                   0x00006b3d   Thumb Code     0  daddsub_clz.o(x$fpl$dadd)
    x$fpl$dcmpinf                            0x00006c7c   Section       24  dcmpi.o(x$fpl$dcmpinf)
    x$fpl$ddiv                               0x00006c94   Section      688  ddiv.o(x$fpl$ddiv)
    ddiv_entry                               0x00006c9b   Thumb Code     0  ddiv.o(x$fpl$ddiv)
    x$fpl$deqf                               0x00006f44   Section      120  deqf.o(x$fpl$deqf)
    x$fpl$dfixu                              0x00006fbc   Section       90  dfixu.o(x$fpl$dfixu)
    x$fpl$dflt                               0x00007016   Section       46  dflt_clz.o(x$fpl$dflt)
    x$fpl$dfltu                              0x00007044   Section       38  dflt_clz.o(x$fpl$dfltu)
    x$fpl$dmul                               0x0000706c   Section      340  dmul.o(x$fpl$dmul)
    x$fpl$dnaninf                            0x000071c0   Section      156  dnaninf.o(x$fpl$dnaninf)
    x$fpl$dretinf                            0x0000725c   Section       12  dretinf.o(x$fpl$dretinf)
    x$fpl$dsub                               0x00007268   Section      468  daddsub_clz.o(x$fpl$dsub)
    _dsub1                                   0x00007279   Thumb Code     0  daddsub_clz.o(x$fpl$dsub)
    .constdata                               0x0000743c   Section     1520  asciilib.o(.constdata)
    x$fpl$usenofp                            0x0000743c   Section        0  usenofp.o(x$fpl$usenofp)
    AsciiLib                                 0x0000743c   Data        1520  asciilib.o(.constdata)
    .data                                    0x10000000   Section        8  sample.o(.data)
    .data                                    0x10000008   Section        5  system_lpc17xx.o(.data)
    .data                                    0x10000010   Section        4  irq_timer.o(.data)
    clear                                    0x10000010   Data           4  irq_timer.o(.data)
    .data                                    0x10000014   Section       24  board.o(.data)
    .data                                    0x1000002c   Section        1  glcd.o(.data)
    LCD_Code                                 0x1000002c   Data           1  glcd.o(.data)
    .data                                    0x1000002e   Section       20  touchpanel.o(.data)
    screen                                   0x1000003e   Data           4  touchpanel.o(.data)
    .data                                    0x10000044   Section        5  irq_rit.o(.data)
    down                                     0x10000044   Data           4  irq_rit.o(.data)
    position                                 0x10000048   Data           1  irq_rit.o(.data)
    .bss                                     0x1000004c   Section      676  board.o(.bss)
    .bss                                     0x100002f0   Section       68  touchpanel.o(.bss)
    .bss                                     0x10000334   Section       96  libspace.o(.bss)
    HEAP                                     0x10000398   Section        0  startup_lpc17xx.o(HEAP)
    Heap_Mem                                 0x10000398   Data           0  startup_lpc17xx.o(HEAP)
    .data                                    0x2007c000   Section      432  graphic.o(.data)
    STACK                                    0x2007c1b0   Section      512  startup_lpc17xx.o(STACK)
    Stack_Mem                                0x2007c1b0   Data         512  startup_lpc17xx.o(STACK)
    __initial_sp                             0x2007c3b0   Data           0  startup_lpc17xx.o(STACK)

    Global Symbols

    Symbol Name                              Value     Ov Type        Size  Object(Section)

    BuildAttributes$$THM_ISAv4$P$D$K$B$S$PE$A:L22UL41UL21$X:L11$S22US41US21$IEEE1$IW$USESV6$~STKCKD$USESV7$~SHL$OSPACE$ROPI$EBA8$UX$STANDARDLIB$REQ8$PRES8$EABIv2 0x00000000   Number         0  anon$$obj.o ABSOLUTE
    __ARM_use_no_argv                        0x00000000   Number         0  sample.o ABSOLUTE
    __Vectors                                0x00000000   Data           4  startup_lpc17xx.o(RESET)
    _printf_flags                            0x00000000   Number         0  printf_stubs.o ABSOLUTE
    _printf_return_value                     0x00000000   Number         0  printf_stubs.o ABSOLUTE
    _printf_sizespec                         0x00000000   Number         0  printf_stubs.o ABSOLUTE
    _printf_widthprec                        0x00000000   Number         0  printf_stubs.o ABSOLUTE
    __ARM_exceptions_init                     - Undefined Weak Reference
    __alloca_initialize                       - Undefined Weak Reference
    __arm_fini_                               - Undefined Weak Reference
    __arm_preinit_                            - Undefined Weak Reference
    __cpp_initialize__aeabi_                  - Undefined Weak Reference
    __cxa_finalize                            - Undefined Weak Reference
    __rt_locale                               - Undefined Weak Reference
    __sigvec_lookup                           - Undefined Weak Reference
    _atexit_init                              - Undefined Weak Reference
    _call_atexit_fns                          - Undefined Weak Reference
    _clock_init                               - Undefined Weak Reference
    _fp_trap_init                             - Undefined Weak Reference
    _fp_trap_shutdown                         - Undefined Weak Reference
    _get_lc_collate                           - Undefined Weak Reference
    _get_lc_ctype                             - Undefined Weak Reference
    _get_lc_monetary                          - Undefined Weak Reference
    _get_lc_numeric                           - Undefined Weak Reference
    _get_lc_time                              - Undefined Weak Reference
    _getenv_init                              - Undefined Weak Reference
    _handle_redirection                       - Undefined Weak Reference
    _init_alloc                               - Undefined Weak Reference
    _init_user_alloc                          - Undefined Weak Reference
    _initio                                   - Undefined Weak Reference
    _printf_truncate_signed                   - Undefined Weak Reference
    _printf_truncate_unsigned                 - Undefined Weak Reference
    _rand_init                                - Undefined Weak Reference
    _signal_finish                            - Undefined Weak Reference
    _signal_init                              - Undefined Weak Reference
    _terminate_alloc                          - Undefined Weak Reference
    _terminate_user_alloc                     - Undefined Weak Reference
    _terminateio                              - Undefined Weak Reference
    __main                                   0x000000cd   Thumb Code     8  __main.o(!!!main)
    __scatterload                            0x000000d5   Thumb Code     0  __scatter.o(!!!scatter)
    __scatterload_rt2                        0x000000d5   Thumb Code    44  __scatter.o(!!!scatter)
    __scatterload_rt2_thumb_only             0x000000d5   Thumb Code     0  __scatter.o(!!!scatter)
    __scatterload_null                       0x000000e3   Thumb Code     0  __scatter.o(!!!scatter)
    __decompress                             0x00000109   Thumb Code    90  __dczerorl2.o(!!dczerorl2)
    __decompress1                            0x00000109   Thumb Code     0  __dczerorl2.o(!!dczerorl2)
    __scatterload_copy                       0x00000165   Thumb Code    26  __scatter_copy.o(!!handler_copy)
    __scatterload_zeroinit                   0x00000181   Thumb Code    28  __scatter_zi.o(!!handler_zi)
    _printf_i                                0x0000019d   Thumb Code     0  _printf_i.o(.ARM.Collect$$_printf_percent$$00000008)
    _printf_percent                          0x0000019d   Thumb Code     0  _printf_percent.o(.ARM.Collect$$_printf_percent$$00000000)
    _printf_d                                0x000001a3   Thumb Code     0  _printf_d.o(.ARM.Collect$$_printf_percent$$00000009)
    _printf_percent_end                      0x000001a9   Thumb Code     0  _printf_percent_end.o(.ARM.Collect$$_printf_percent$$00000017)
    __rt_lib_init                            0x000001ad   Thumb Code     0  libinit.o(.ARM.Collect$$libinit$$00000000)
    __rt_lib_init_alloca_1                   0x000001af   Thumb Code     0  libinit2.o(.ARM.Collect$$libinit$$0000002E)
    __rt_lib_init_argv_1                     0x000001af   Thumb Code     0  libinit2.o(.ARM.Collect$$libinit$$0000002C)
    __rt_lib_init_atexit_1                   0x000001af   Thumb Code     0  libinit2.o(.ARM.Collect$$libinit$$0000001B)
    __rt_lib_init_clock_1                    0x000001af   Thumb Code     0  libinit2.o(.ARM.Collect$$libinit$$00000021)
    __rt_lib_init_cpp_1                      0x000001af   Thumb Code     0  libinit2.o(.ARM.Collect$$libinit$$00000032)
    __rt_lib_init_exceptions_1               0x000001af   Thumb Code     0  libinit2.o(.ARM.Collect$$libinit$$00000030)
    __rt_lib_init_fp_1                       0x000001af   Thumb Code     0  libinit2.o(.ARM.Collect$$libinit$$00000002)
    __rt_lib_init_fp_trap_1                  0x000001af   Thumb Code     0  libinit2.o(.ARM.Collect$$libinit$$0000001F)
    __rt_lib_init_getenv_1                   0x000001af   Thumb Code     0  libinit2.o(.ARM.Collect$$libinit$$00000023)
    __rt_lib_init_heap_1                     0x000001af   Thumb Code     0  libinit2.o(.ARM.Collect$$libinit$$0000000A)
    __rt_lib_init_lc_collate_1               0x000001af   Thumb Code     0  libinit2.o(.ARM.Collect$$libinit$$00000011)
    __rt_lib_init_lc_ctype_1                 0x000001af   Thumb Code     0  libinit2.o(.ARM.Collect$$libinit$$00000013)
    __rt_lib_init_lc_monetary_1              0x000001af   Thumb Code     0  libinit2.o(.ARM.Collect$$libinit$$00000015)
    __rt_lib_init_lc_numeric_1               0x000001af   Thumb Code     0  libinit2.o(.ARM.Collect$$libinit$$00000017)
    __rt_lib_init_lc_time_1                  0x000001af   Thumb Code     0  libinit2.o(.ARM.Collect$$libinit$$00000019)
    __rt_lib_init_preinit_1                  0x000001af   Thumb Code     0  libinit2.o(.ARM.Collect$$libinit$$00000004)
    __rt_lib_init_rand_1                     0x000001af   Thumb Code     0  libinit2.o(.ARM.Collect$$libinit$$0000000E)
    __rt_lib_init_return                     0x000001af   Thumb Code     0  libinit2.o(.ARM.Collect$$libinit$$00000033)
    __rt_lib_init_signal_1                   0x000001af   Thumb Code     0  libinit2.o(.ARM.Collect$$libinit$$0000001D)
    __rt_lib_init_stdio_1                    0x000001af   Thumb Code     0  libinit2.o(.ARM.Collect$$libinit$$00000025)
    __rt_lib_init_user_alloc_1               0x000001af   Thumb Code     0  libinit2.o(.ARM.Collect$$libinit$$0000000C)
    __rt_lib_shutdown                        0x000001b1   Thumb Code     0  libshutdown.o(.ARM.Collect$$libshutdown$$00000000)
    __rt_lib_shutdown_cpp_1                  0x000001b3   Thumb Code     0  libshutdown2.o(.ARM.Collect$$libshutdown$$00000004)
    __rt_lib_shutdown_fini_1                 0x000001b3   Thumb Code     0  libshutdown2.o(.ARM.Collect$$libshutdown$$00000002)
    __rt_lib_shutdown_fp_trap_1              0x000001b3   Thumb Code     0  libshutdown2.o(.ARM.Collect$$libshutdown$$00000009)
    __rt_lib_shutdown_heap_1                 0x000001b3   Thumb Code     0  libshutdown2.o(.ARM.Collect$$libshutdown$$00000011)
    __rt_lib_shutdown_return                 0x000001b3   Thumb Code     0  libshutdown2.o(.ARM.Collect$$libshutdown$$00000012)
    __rt_lib_shutdown_signal_1               0x000001b3   Thumb Code     0  libshutdown2.o(.ARM.Collect$$libshutdown$$0000000C)
    __rt_lib_shutdown_stdio_1                0x000001b3   Thumb Code     0  libshutdown2.o(.ARM.Collect$$libshutdown$$00000006)
    __rt_lib_shutdown_user_alloc_1           0x000001b3   Thumb Code     0  libshutdown2.o(.ARM.Collect$$libshutdown$$0000000E)
    __rt_entry                               0x000001b5   Thumb Code     0  __rtentry.o(.ARM.Collect$$rtentry$$00000000)
    __rt_entry_presh_1                       0x000001b5   Thumb Code     0  __rtentry2.o(.ARM.Collect$$rtentry$$00000002)
    __rt_entry_sh                            0x000001b5   Thumb Code     0  __rtentry4.o(.ARM.Collect$$rtentry$$00000004)
    __rt_entry_li                            0x000001bb   Thumb Code     0  __rtentry2.o(.ARM.Collect$$rtentry$$0000000A)
    __rt_entry_postsh_1                      0x000001bb   Thumb Code     0  __rtentry2.o(.ARM.Collect$$rtentry$$00000009)
    __rt_entry_main                          0x000001bf   Thumb Code     0  __rtentry2.o(.ARM.Collect$$rtentry$$0000000D)
    __rt_entry_postli_1                      0x000001bf   Thumb Code     0  __rtentry2.o(.ARM.Collect$$rtentry$$0000000C)
    __rt_exit                                0x000001c7   Thumb Code     0  rtexit.o(.ARM.Collect$$rtexit$$00000000)
    __rt_exit_ls                             0x000001c9   Thumb Code     0  rtexit2.o(.ARM.Collect$$rtexit$$00000003)
    __rt_exit_prels_1                        0x000001c9   Thumb Code     0  rtexit2.o(.ARM.Collect$$rtexit$$00000002)
    __rt_exit_exit                           0x000001cd   Thumb Code     0  rtexit2.o(.ARM.Collect$$rtexit$$00000004)
    Reset_Handler                            0x000001d5   Thumb Code     4  startup_lpc17xx.o(.text)
    NMI_Handler                              0x000001d9   Thumb Code     2  startup_lpc17xx.o(.text)
    HardFault_Handler                        0x000001db   Thumb Code     2  startup_lpc17xx.o(.text)
    MemManage_Handler                        0x000001dd   Thumb Code     2  startup_lpc17xx.o(.text)
    BusFault_Handler                         0x000001df   Thumb Code     2  startup_lpc17xx.o(.text)
    UsageFault_Handler                       0x000001e1   Thumb Code     2  startup_lpc17xx.o(.text)
    SVC_Handler                              0x000001e3   Thumb Code     2  startup_lpc17xx.o(.text)
    DebugMon_Handler                         0x000001e5   Thumb Code     2  startup_lpc17xx.o(.text)
    PendSV_Handler                           0x000001e7   Thumb Code     2  startup_lpc17xx.o(.text)
    SysTick_Handler                          0x000001e9   Thumb Code     2  startup_lpc17xx.o(.text)
    ADC_IRQHandler                           0x000001eb   Thumb Code     0  startup_lpc17xx.o(.text)
    BOD_IRQHandler                           0x000001eb   Thumb Code     0  startup_lpc17xx.o(.text)
    CANActivity_IRQHandler                   0x000001eb   Thumb Code     0  startup_lpc17xx.o(.text)
    CAN_IRQHandler                           0x000001eb   Thumb Code     0  startup_lpc17xx.o(.text)
    DMA_IRQHandler                           0x000001eb   Thumb Code     0  startup_lpc17xx.o(.text)
    EINT3_IRQHandler                         0x000001eb   Thumb Code     0  startup_lpc17xx.o(.text)
    ENET_IRQHandler                          0x000001eb   Thumb Code     0  startup_lpc17xx.o(.text)
    I2C0_IRQHandler                          0x000001eb   Thumb Code     0  startup_lpc17xx.o(.text)
    I2C1_IRQHandler                          0x000001eb   Thumb Code     0  startup_lpc17xx.o(.text)
    I2C2_IRQHandler                          0x000001eb   Thumb Code     0  startup_lpc17xx.o(.text)
    I2S_IRQHandler                           0x000001eb   Thumb Code     0  startup_lpc17xx.o(.text)
    MCPWM_IRQHandler                         0x000001eb   Thumb Code     0  startup_lpc17xx.o(.text)
    PLL0_IRQHandler                          0x000001eb   Thumb Code     0  startup_lpc17xx.o(.text)
    PLL1_IRQHandler                          0x000001eb   Thumb Code     0  startup_lpc17xx.o(.text)
    PWM1_IRQHandler                          0x000001eb   Thumb Code     0  startup_lpc17xx.o(.text)
    QEI_IRQHandler                           0x000001eb   Thumb Code     0  startup_lpc17xx.o(.text)
    RTC_IRQHandler                           0x000001eb   Thumb Code     0  startup_lpc17xx.o(.text)
    SPI_IRQHandler                           0x000001eb   Thumb Code     0  startup_lpc17xx.o(.text)
    SSP0_IRQHandler                          0x000001eb   Thumb Code     0  startup_lpc17xx.o(.text)
    SSP1_IRQHandler                          0x000001eb   Thumb Code     0  startup_lpc17xx.o(.text)
    TIMER2_IRQHandler                        0x000001eb   Thumb Code     0  startup_lpc17xx.o(.text)
    TIMER3_IRQHandler                        0x000001eb   Thumb Code     0  startup_lpc17xx.o(.text)
    UART0_IRQHandler                         0x000001eb   Thumb Code     0  startup_lpc17xx.o(.text)
    UART1_IRQHandler                         0x000001eb   Thumb Code     0  startup_lpc17xx.o(.text)
    UART2_IRQHandler                         0x000001eb   Thumb Code     0  startup_lpc17xx.o(.text)
    UART3_IRQHandler                         0x000001eb   Thumb Code     0  startup_lpc17xx.o(.text)
    USBActivity_IRQHandler                   0x000001eb   Thumb Code     0  startup_lpc17xx.o(.text)
    USB_IRQHandler                           0x000001eb   Thumb Code     0  startup_lpc17xx.o(.text)
    WDT_IRQHandler                           0x000001eb   Thumb Code     0  startup_lpc17xx.o(.text)
    __user_initial_stackheap                 0x000001ed   Thumb Code     0  startup_lpc17xx.o(.text)
    main                                     0x00000209   Thumb Code    64  sample.o(.text)
    enable_timer                             0x0000026f   Thumb Code    20  lib_timer.o(.text)
    disable_timer                            0x00000283   Thumb Code    20  lib_timer.o(.text)
    reset_timer                              0x00000297   Thumb Code    30  lib_timer.o(.text)
    init_timer                               0x000002b5   Thumb Code    60  lib_timer.o(.text)
    __use_two_region_memory                  0x000002f5   Thumb Code     2  heapauxi.o(.text)
    __rt_heap_escrow$2region                 0x000002f7   Thumb Code     2  heapauxi.o(.text)
    __rt_heap_expand$2region                 0x000002f9   Thumb Code     2  heapauxi.o(.text)
    __I$use$semihosting                      0x000002fb   Thumb Code     0  use_no_semi.o(.text)
    __use_no_semihosting_swi                 0x000002fb   Thumb Code     2  use_no_semi.o(.text)
    SystemInit                               0x00000301   Thumb Code   552  system_lpc17xx.o(.text)
    TIMER0_IRQHandler                        0x0000054d   Thumb Code   194  irq_timer.o(.text)
    TIMER1_IRQHandler                        0x0000060f   Thumb Code   126  irq_timer.o(.text)
    end_game                                 0x000006d9   Thumb Code    42  graphic.o(.text)
    draw_player                              0x00000703   Thumb Code    90  graphic.o(.text)
    delete_player                            0x0000075d   Thumb Code    80  graphic.o(.text)
    move_player                              0x000007ad   Thumb Code  1010  graphic.o(.text)
    draw_cell                                0x00000b9f   Thumb Code    90  graphic.o(.text)
    create_board                             0x00000bf9   Thumb Code    82  graphic.o(.text)
    draw_barrier                             0x00000c4b   Thumb Code   102  graphic.o(.text)
    delete_barrier                           0x00000cb1   Thumb Code   116  graphic.o(.text)
    move_barrier                             0x00000d25   Thumb Code   268  graphic.o(.text)
    rotate_barrier                           0x00000e31   Thumb Code   466  graphic.o(.text)
    update_barrier                           0x00001003   Thumb Code    66  graphic.o(.text)
    confirm_barrier                          0x00001045   Thumb Code    94  graphic.o(.text)
    create_barrier                           0x000010a3   Thumb Code   118  graphic.o(.text)
    bottom_info_bar                          0x00001119   Thumb Code   428  graphic.o(.text)
    init_game                                0x000012c5   Thumb Code   366  graphic.o(.text)
    initGame                                 0x00001459   Thumb Code    16  board.o(.text)
    checkWinner                              0x00001469   Thumb Code    50  board.o(.text)
    movePlayer                               0x0000149b   Thumb Code   724  board.o(.text)
    createWall                               0x0000176f   Thumb Code   490  board.o(.text)
    GetASCIICode                             0x00001965   Thumb Code    26  asciilib.o(.text)
    LCD_Initialization                       0x00001f0f   Thumb Code 12014  glcd.o(.text)
    LCD_Clear                                0x00004dfd   Thumb Code  1520  glcd.o(.text)
    LCD_GetPoint                             0x00005407   Thumb Code   994  glcd.o(.text)
    LCD_SetPoint                             0x000057e9   Thumb Code   206  glcd.o(.text)
    LCD_DrawLine                             0x000058b7   Thumb Code   250  glcd.o(.text)
    PutChar                                  0x000059b1   Thumb Code   100  glcd.o(.text)
    GUI_Text                                 0x00005a15   Thumb Code    80  glcd.o(.text)
    LPC17xx_SPI_SetSpeed                     0x00005a69   Thumb Code    16  touchpanel.o(.text)
    TP_Init                                  0x00005af9   Thumb Code    30  touchpanel.o(.text)
    Read_X                                   0x00005b95   Thumb Code    42  touchpanel.o(.text)
    Read_Y                                   0x00005bbf   Thumb Code    42  touchpanel.o(.text)
    TP_GetAdXY                               0x00005be9   Thumb Code    34  touchpanel.o(.text)
    TP_DrawPoint                             0x00005c0b   Thumb Code    20  touchpanel.o(.text)
    DrawCross                                0x00005c1f   Thumb Code   356  touchpanel.o(.text)
    DeleteCross                              0x00005d83   Thumb Code   350  touchpanel.o(.text)
    Read_Ads7846                             0x00005ee1   Thumb Code   502  touchpanel.o(.text)
    setCalibrationMatrix                     0x000060d7   Thumb Code   356  touchpanel.o(.text)
    getDisplayPoint                          0x0000623b   Thumb Code   262  touchpanel.o(.text)
    TouchPanel_Calibrate                     0x00006341   Thumb Code   114  touchpanel.o(.text)
    RIT_IRQHandler                           0x000063e1   Thumb Code   130  irq_rit.o(.text)
    enable_RIT                               0x00006479   Thumb Code    14  lib_rit.o(.text)
    disable_RIT                              0x00006487   Thumb Code    14  lib_rit.o(.text)
    reset_RIT                                0x00006495   Thumb Code     8  lib_rit.o(.text)
    init_RIT                                 0x0000649d   Thumb Code    98  lib_rit.o(.text)
    EINT0_IRQHandler                         0x0000650d   Thumb Code    16  irq_button.o(.text)
    EINT1_IRQHandler                         0x0000651d   Thumb Code    70  irq_button.o(.text)
    EINT2_IRQHandler                         0x00006563   Thumb Code    34  irq_button.o(.text)
    BUTTON_init                              0x000065d7   Thumb Code   118  lib_button.o(.text)
    joystick_init                            0x00006661   Thumb Code    26  lib_joystick.o(.text)
    __2sprintf                               0x00006685   Thumb Code    34  noretval__2sprintf.o(.text)
    _printf_pre_padding                      0x000066ad   Thumb Code    44  _printf_pad.o(.text)
    _printf_post_padding                     0x000066d9   Thumb Code    34  _printf_pad.o(.text)
    _printf_int_dec                          0x000066fd   Thumb Code   104  _printf_dec.o(.text)
    __printf                                 0x00006775   Thumb Code   270  __printf_wp.o(.text)
    __aeabi_memcpy                           0x00006883   Thumb Code     0  rt_memcpy_v6.o(.text)
    __rt_memcpy                              0x00006883   Thumb Code   138  rt_memcpy_v6.o(.text)
    _memcpy_lastbytes                        0x000068e9   Thumb Code     0  rt_memcpy_v6.o(.text)
    __aeabi_memclr4                          0x0000690d   Thumb Code     0  rt_memclr_w.o(.text)
    __aeabi_memclr8                          0x0000690d   Thumb Code     0  rt_memclr_w.o(.text)
    __rt_memclr_w                            0x0000690d   Thumb Code    78  rt_memclr_w.o(.text)
    _memset_w                                0x00006911   Thumb Code     0  rt_memclr_w.o(.text)
    _printf_int_common                       0x0000695b   Thumb Code   178  _printf_intcommon.o(.text)
    _printf_char_common                      0x00006a17   Thumb Code    32  _printf_char_common.o(.text)
    _sputc                                   0x00006a3d   Thumb Code    10  _sputc.o(.text)
    __aeabi_memcpy4                          0x00006a47   Thumb Code     0  rt_memcpy_w.o(.text)
    __aeabi_memcpy8                          0x00006a47   Thumb Code     0  rt_memcpy_w.o(.text)
    __rt_memcpy_w                            0x00006a47   Thumb Code   100  rt_memcpy_w.o(.text)
    _memcpy_lastbytes_aligned                0x00006a8f   Thumb Code     0  rt_memcpy_w.o(.text)
    __user_setup_stackheap                   0x00006aab   Thumb Code    74  sys_stackheap_outer.o(.text)
    exit                                     0x00006af5   Thumb Code    18  exit.o(.text)
    __user_libspace                          0x00006b09   Thumb Code     8  libspace.o(.text)
    __user_perproc_libspace                  0x00006b09   Thumb Code     0  libspace.o(.text)
    __user_perthread_libspace                0x00006b09   Thumb Code     0  libspace.o(.text)
    _sys_exit                                0x00006b11   Thumb Code     8  sys_exit.o(.text)
    __semihosting_library_function           0x00006b1d   Thumb Code     0  indicate_semi.o(.text)
    _is_digit                                0x00006b1d   Thumb Code    14  __printf_wp.o(i._is_digit)
    __aeabi_dadd                             0x00006b2d   Thumb Code     0  daddsub_clz.o(x$fpl$dadd)
    _dadd                                    0x00006b2d   Thumb Code   332  daddsub_clz.o(x$fpl$dadd)
    __fpl_dcmp_Inf                           0x00006c7d   Thumb Code    24  dcmpi.o(x$fpl$dcmpinf)
    __aeabi_ddiv                             0x00006c95   Thumb Code     0  ddiv.o(x$fpl$ddiv)
    _ddiv                                    0x00006c95   Thumb Code   552  ddiv.o(x$fpl$ddiv)
    __aeabi_cdcmpeq                          0x00006f45   Thumb Code     0  deqf.o(x$fpl$deqf)
    _dcmpeq                                  0x00006f45   Thumb Code   120  deqf.o(x$fpl$deqf)
    __aeabi_d2uiz                            0x00006fbd   Thumb Code     0  dfixu.o(x$fpl$dfixu)
    _dfixu                                   0x00006fbd   Thumb Code    90  dfixu.o(x$fpl$dfixu)
    __aeabi_i2d                              0x00007017   Thumb Code     0  dflt_clz.o(x$fpl$dflt)
    _dflt                                    0x00007017   Thumb Code    46  dflt_clz.o(x$fpl$dflt)
    __aeabi_ui2d                             0x00007045   Thumb Code     0  dflt_clz.o(x$fpl$dfltu)
    _dfltu                                   0x00007045   Thumb Code    38  dflt_clz.o(x$fpl$dfltu)
    __aeabi_dmul                             0x0000706d   Thumb Code     0  dmul.o(x$fpl$dmul)
    _dmul                                    0x0000706d   Thumb Code   332  dmul.o(x$fpl$dmul)
    __fpl_dnaninf                            0x000071c1   Thumb Code   156  dnaninf.o(x$fpl$dnaninf)
    __fpl_dretinf                            0x0000725d   Thumb Code    12  dretinf.o(x$fpl$dretinf)
    __aeabi_dsub                             0x00007269   Thumb Code     0  daddsub_clz.o(x$fpl$dsub)
    _dsub                                    0x00007269   Thumb Code   464  daddsub_clz.o(x$fpl$dsub)
    __I$use$fp                               0x0000743c   Number         0  usenofp.o(x$fpl$usenofp)
    Region$$Table$$Base                      0x00007a2c   Number         0  anon$$obj.o(Region$$Table)
    Region$$Table$$Limit                     0x00007a6c   Number         0  anon$$obj.o(Region$$Table)
    i                                        0x10000000   Data           4  sample.o(.data)
    player                                   0x10000004   Data           4  sample.o(.data)
    SystemFrequency                          0x10000008   Data           4  system_lpc17xx.o(.data)
    ScaleFlag                                0x1000000c   Data           1  system_lpc17xx.o(.data)
    player1                                  0x10000014   Data           8  board.o(.data)
    player2                                  0x1000001c   Data           8  board.o(.data)
    wallsPlayer1                             0x10000024   Data           4  board.o(.data)
    wallsPlayer2                             0x10000028   Data           4  board.o(.data)
    display                                  0x1000002e   Data           4  touchpanel.o(.data)
    DisplaySample                            0x10000032   Data          12  touchpanel.o(.data)
    board                                    0x1000004c   Data         676  board.o(.bss)
    matrix                                   0x100002f0   Data          56  touchpanel.o(.bss)
    ScreenSample                             0x10000328   Data          12  touchpanel.o(.bss)
    __libspace_start                         0x10000334   Data          96  libspace.o(.bss)
    __temporary_stack_top$libspace           0x10000394   Data           0  libspace.o(.bss)
    color_player1                            0x2007c000   Data           2  graphic.o(.data)
    color_player2                            0x2007c002   Data           2  graphic.o(.data)
    color_barrier                            0x2007c004   Data           2  graphic.o(.data)
    color_barrier_conf                       0x2007c006   Data           2  graphic.o(.data)
    label                                    0x2007c008   Data         150  graphic.o(.data)
    values_barrier                           0x2007c09e   Data         150  graphic.o(.data)
    border_dx                                0x2007c134   Data           4  graphic.o(.data)
    leng_orizz                               0x2007c138   Data           4  graphic.o(.data)
    leng_vert                                0x2007c13c   Data           4  graphic.o(.data)
    distance_cell_tot                        0x2007c140   Data           4  graphic.o(.data)
    x_init                                   0x2007c144   Data           4  graphic.o(.data)
    y_init                                   0x2007c148   Data           4  graphic.o(.data)
    l_cell                                   0x2007c14c   Data           4  graphic.o(.data)
    dist_cell                                0x2007c150   Data           4  graphic.o(.data)
    inner_borderCell                         0x2007c154   Data           4  graphic.o(.data)
    len_barrier                              0x2007c158   Data           4  graphic.o(.data)
    offset_barrier                           0x2007c15c   Data           4  graphic.o(.data)
    step_player                              0x2007c160   Data           4  graphic.o(.data)
    step_barrier                             0x2007c164   Data           4  graphic.o(.data)
    x_point                                  0x2007c168   Data           4  graphic.o(.data)
    y_point                                  0x2007c16c   Data           4  graphic.o(.data)
    t                                        0x2007c170   Data           4  graphic.o(.data)
    player1_coordinate                       0x2007c174   Data           8  graphic.o(.data)
    player2_coordinate                       0x2007c17c   Data           8  graphic.o(.data)
    barrier_coordinate                       0x2007c184   Data           8  graphic.o(.data)
    player_position1                         0x2007c18c   Data           8  graphic.o(.data)
    player_position2                         0x2007c194   Data           8  graphic.o(.data)
    barrier_init_position                    0x2007c19c   Data           8  graphic.o(.data)
    barrier_position                         0x2007c1a4   Data           8  graphic.o(.data)
    barrier_direction                        0x2007c1ac   Data           4  graphic.o(.data)



==============================================================================

Memory Map of the image

  Image Entry point : 0x000000cd

  Load Region LR_IROM1 (Base: 0x00000000, Size: 0x00007c68, Max: 0x00080000, ABSOLUTE, COMPRESSED[0x00007adc])

    Execution Region ER_IROM1 (Exec base: 0x00000000, Load base: 0x00000000, Size: 0x00007a6c, Max: 0x00080000, ABSOLUTE)

    Exec Addr    Load Addr    Size         Type   Attr      Idx    E Section Name        Object

    0x00000000   0x00000000   0x000000cc   Data   RO            3    RESET               startup_lpc17xx.o
    0x000000cc   0x000000cc   0x00000008   Code   RO          564  * !!!main             c_w.l(__main.o)
    0x000000d4   0x000000d4   0x00000034   Code   RO          767    !!!scatter          c_w.l(__scatter.o)
    0x00000108   0x00000108   0x0000005a   Code   RO          765    !!dczerorl2         c_w.l(__dczerorl2.o)
    0x00000162   0x00000162   0x00000002   PAD
    0x00000164   0x00000164   0x0000001a   Code   RO          769    !!handler_copy      c_w.l(__scatter_copy.o)
    0x0000017e   0x0000017e   0x00000002   PAD
    0x00000180   0x00000180   0x0000001c   Code   RO          771    !!handler_zi        c_w.l(__scatter_zi.o)
    0x0000019c   0x0000019c   0x00000000   Code   RO          557    .ARM.Collect$$_printf_percent$$00000000  c_w.l(_printf_percent.o)
    0x0000019c   0x0000019c   0x00000006   Code   RO          555    .ARM.Collect$$_printf_percent$$00000008  c_w.l(_printf_i.o)
    0x000001a2   0x000001a2   0x00000006   Code   RO          556    .ARM.Collect$$_printf_percent$$00000009  c_w.l(_printf_d.o)
    0x000001a8   0x000001a8   0x00000004   Code   RO          597    .ARM.Collect$$_printf_percent$$00000017  c_w.l(_printf_percent_end.o)
    0x000001ac   0x000001ac   0x00000002   Code   RO          633    .ARM.Collect$$libinit$$00000000  c_w.l(libinit.o)
    0x000001ae   0x000001ae   0x00000000   Code   RO          640    .ARM.Collect$$libinit$$00000002  c_w.l(libinit2.o)
    0x000001ae   0x000001ae   0x00000000   Code   RO          642    .ARM.Collect$$libinit$$00000004  c_w.l(libinit2.o)
    0x000001ae   0x000001ae   0x00000000   Code   RO          645    .ARM.Collect$$libinit$$0000000A  c_w.l(libinit2.o)
    0x000001ae   0x000001ae   0x00000000   Code   RO          647    .ARM.Collect$$libinit$$0000000C  c_w.l(libinit2.o)
    0x000001ae   0x000001ae   0x00000000   Code   RO          649    .ARM.Collect$$libinit$$0000000E  c_w.l(libinit2.o)
    0x000001ae   0x000001ae   0x00000000   Code   RO          652    .ARM.Collect$$libinit$$00000011  c_w.l(libinit2.o)
    0x000001ae   0x000001ae   0x00000000   Code   RO          654    .ARM.Collect$$libinit$$00000013  c_w.l(libinit2.o)
    0x000001ae   0x000001ae   0x00000000   Code   RO          656    .ARM.Collect$$libinit$$00000015  c_w.l(libinit2.o)
    0x000001ae   0x000001ae   0x00000000   Code   RO          658    .ARM.Collect$$libinit$$00000017  c_w.l(libinit2.o)
    0x000001ae   0x000001ae   0x00000000   Code   RO          660    .ARM.Collect$$libinit$$00000019  c_w.l(libinit2.o)
    0x000001ae   0x000001ae   0x00000000   Code   RO          662    .ARM.Collect$$libinit$$0000001B  c_w.l(libinit2.o)
    0x000001ae   0x000001ae   0x00000000   Code   RO          664    .ARM.Collect$$libinit$$0000001D  c_w.l(libinit2.o)
    0x000001ae   0x000001ae   0x00000000   Code   RO          666    .ARM.Collect$$libinit$$0000001F  c_w.l(libinit2.o)
    0x000001ae   0x000001ae   0x00000000   Code   RO          668    .ARM.Collect$$libinit$$00000021  c_w.l(libinit2.o)
    0x000001ae   0x000001ae   0x00000000   Code   RO          670    .ARM.Collect$$libinit$$00000023  c_w.l(libinit2.o)
    0x000001ae   0x000001ae   0x00000000   Code   RO          672    .ARM.Collect$$libinit$$00000025  c_w.l(libinit2.o)
    0x000001ae   0x000001ae   0x00000000   Code   RO          676    .ARM.Collect$$libinit$$0000002C  c_w.l(libinit2.o)
    0x000001ae   0x000001ae   0x00000000   Code   RO          678    .ARM.Collect$$libinit$$0000002E  c_w.l(libinit2.o)
    0x000001ae   0x000001ae   0x00000000   Code   RO          680    .ARM.Collect$$libinit$$00000030  c_w.l(libinit2.o)
    0x000001ae   0x000001ae   0x00000000   Code   RO          682    .ARM.Collect$$libinit$$00000032  c_w.l(libinit2.o)
    0x000001ae   0x000001ae   0x00000002   Code   RO          683    .ARM.Collect$$libinit$$00000033  c_w.l(libinit2.o)
    0x000001b0   0x000001b0   0x00000002   Code   RO          703    .ARM.Collect$$libshutdown$$00000000  c_w.l(libshutdown.o)
    0x000001b2   0x000001b2   0x00000000   Code   RO          716    .ARM.Collect$$libshutdown$$00000002  c_w.l(libshutdown2.o)
    0x000001b2   0x000001b2   0x00000000   Code   RO          718    .ARM.Collect$$libshutdown$$00000004  c_w.l(libshutdown2.o)
    0x000001b2   0x000001b2   0x00000000   Code   RO          720    .ARM.Collect$$libshutdown$$00000006  c_w.l(libshutdown2.o)
    0x000001b2   0x000001b2   0x00000000   Code   RO          723    .ARM.Collect$$libshutdown$$00000009  c_w.l(libshutdown2.o)
    0x000001b2   0x000001b2   0x00000000   Code   RO          726    .ARM.Collect$$libshutdown$$0000000C  c_w.l(libshutdown2.o)
    0x000001b2   0x000001b2   0x00000000   Code   RO          728    .ARM.Collect$$libshutdown$$0000000E  c_w.l(libshutdown2.o)
    0x000001b2   0x000001b2   0x00000000   Code   RO          731    .ARM.Collect$$libshutdown$$00000011  c_w.l(libshutdown2.o)
    0x000001b2   0x000001b2   0x00000002   Code   RO          732    .ARM.Collect$$libshutdown$$00000012  c_w.l(libshutdown2.o)
    0x000001b4   0x000001b4   0x00000000   Code   RO          590    .ARM.Collect$$rtentry$$00000000  c_w.l(__rtentry.o)
    0x000001b4   0x000001b4   0x00000000   Code   RO          608    .ARM.Collect$$rtentry$$00000002  c_w.l(__rtentry2.o)
    0x000001b4   0x000001b4   0x00000006   Code   RO          620    .ARM.Collect$$rtentry$$00000004  c_w.l(__rtentry4.o)
    0x000001ba   0x000001ba   0x00000000   Code   RO          610    .ARM.Collect$$rtentry$$00000009  c_w.l(__rtentry2.o)
    0x000001ba   0x000001ba   0x00000004   Code   RO          611    .ARM.Collect$$rtentry$$0000000A  c_w.l(__rtentry2.o)
    0x000001be   0x000001be   0x00000000   Code   RO          613    .ARM.Collect$$rtentry$$0000000C  c_w.l(__rtentry2.o)
    0x000001be   0x000001be   0x00000008   Code   RO          614    .ARM.Collect$$rtentry$$0000000D  c_w.l(__rtentry2.o)
    0x000001c6   0x000001c6   0x00000002   Code   RO          637    .ARM.Collect$$rtexit$$00000000  c_w.l(rtexit.o)
    0x000001c8   0x000001c8   0x00000000   Code   RO          685    .ARM.Collect$$rtexit$$00000002  c_w.l(rtexit2.o)
    0x000001c8   0x000001c8   0x00000004   Code   RO          686    .ARM.Collect$$rtexit$$00000003  c_w.l(rtexit2.o)
    0x000001cc   0x000001cc   0x00000006   Code   RO          687    .ARM.Collect$$rtexit$$00000004  c_w.l(rtexit2.o)
    0x000001d2   0x000001d2   0x00000002   PAD
    0x000001d4   0x000001d4   0x00000034   Code   RO            5    .text               startup_lpc17xx.o
    0x00000208   0x00000208   0x00000044   Code   RO           16    .text               sample.o
    0x0000024c   0x0000024c   0x000000a8   Code   RO          178    .text               lib_timer.o
    0x000002f4   0x000002f4   0x00000006   Code   RO          562    .text               c_w.l(heapauxi.o)
    0x000002fa   0x000002fa   0x00000002   Code   RO          706    .text               c_w.l(use_no_semi.o)
    0x000002fc   0x000002fc   0x00000004   Code   RO            4    .ARM.__at_0x02FC    startup_lpc17xx.o
    0x00000300   0x00000300   0x0000024c   Code   RO          101    .text               system_lpc17xx.o
    0x0000054c   0x0000054c   0x0000018c   Code   RO          128    .text               irq_timer.o
    0x000006d8   0x000006d8   0x00000d80   Code   RO          206    .text               graphic.o
    0x00001458   0x00001458   0x0000050c   Code   RO          244    .text               board.o
    0x00001964   0x00001964   0x00000020   Code   RO          260    .text               asciilib.o
    0x00001984   0x00001984   0x000040e4   Code   RO          280    .text               glcd.o
    0x00005a68   0x00005a68   0x00000978   Code   RO          326    .text               touchpanel.o
    0x000063e0   0x000063e0   0x00000098   Code   RO          360    .text               irq_rit.o
    0x00006478   0x00006478   0x00000094   Code   RO          392    .text               lib_rit.o
    0x0000650c   0x0000650c   0x00000088   Code   RO          416    .text               irq_button.o
    0x00006594   0x00006594   0x000000cc   Code   RO          450    .text               lib_button.o
    0x00006660   0x00006660   0x00000024   Code   RO          478    .text               lib_joystick.o
    0x00006684   0x00006684   0x00000028   Code   RO          527    .text               c_w.l(noretval__2sprintf.o)
    0x000066ac   0x000066ac   0x0000004e   Code   RO          531    .text               c_w.l(_printf_pad.o)
    0x000066fa   0x000066fa   0x00000002   PAD
    0x000066fc   0x000066fc   0x00000078   Code   RO          533    .text               c_w.l(_printf_dec.o)
    0x00006774   0x00006774   0x0000010e   Code   RO          543    .text               c_w.l(__printf_wp.o)
    0x00006882   0x00006882   0x0000008a   Code   RO          558    .text               c_w.l(rt_memcpy_v6.o)
    0x0000690c   0x0000690c   0x0000004e   Code   RO          560    .text               c_w.l(rt_memclr_w.o)
    0x0000695a   0x0000695a   0x000000b2   Code   RO          591    .text               c_w.l(_printf_intcommon.o)
    0x00006a0c   0x00006a0c   0x00000030   Code   RO          593    .text               c_w.l(_printf_char_common.o)
    0x00006a3c   0x00006a3c   0x0000000a   Code   RO          595    .text               c_w.l(_sputc.o)
    0x00006a46   0x00006a46   0x00000064   Code   RO          598    .text               c_w.l(rt_memcpy_w.o)
    0x00006aaa   0x00006aaa   0x0000004a   Code   RO          624    .text               c_w.l(sys_stackheap_outer.o)
    0x00006af4   0x00006af4   0x00000012   Code   RO          626    .text               c_w.l(exit.o)
    0x00006b06   0x00006b06   0x00000002   PAD
    0x00006b08   0x00006b08   0x00000008   Code   RO          634    .text               c_w.l(libspace.o)
    0x00006b10   0x00006b10   0x0000000c   Code   RO          695    .text               c_w.l(sys_exit.o)
    0x00006b1c   0x00006b1c   0x00000000   Code   RO          708    .text               c_w.l(indicate_semi.o)
    0x00006b1c   0x00006b1c   0x0000000e   Code   RO          545    i._is_digit         c_w.l(__printf_wp.o)
    0x00006b2a   0x00006b2a   0x00000002   PAD
    0x00006b2c   0x00006b2c   0x00000150   Code   RO          566    x$fpl$dadd          fz_ws.l(daddsub_clz.o)
    0x00006c7c   0x00006c7c   0x00000018   Code   RO          600    x$fpl$dcmpinf       fz_ws.l(dcmpi.o)
    0x00006c94   0x00006c94   0x000002b0   Code   RO          573    x$fpl$ddiv          fz_ws.l(ddiv.o)
    0x00006f44   0x00006f44   0x00000078   Code   RO          576    x$fpl$deqf          fz_ws.l(deqf.o)
    0x00006fbc   0x00006fbc   0x0000005a   Code   RO          578    x$fpl$dfixu         fz_ws.l(dfixu.o)
    0x00007016   0x00007016   0x0000002e   Code   RO          583    x$fpl$dflt          fz_ws.l(dflt_clz.o)
    0x00007044   0x00007044   0x00000026   Code   RO          582    x$fpl$dfltu         fz_ws.l(dflt_clz.o)
    0x0000706a   0x0000706a   0x00000002   PAD
    0x0000706c   0x0000706c   0x00000154   Code   RO          588    x$fpl$dmul          fz_ws.l(dmul.o)
    0x000071c0   0x000071c0   0x0000009c   Code   RO          602    x$fpl$dnaninf       fz_ws.l(dnaninf.o)
    0x0000725c   0x0000725c   0x0000000c   Code   RO          604    x$fpl$dretinf       fz_ws.l(dretinf.o)
    0x00007268   0x00007268   0x000001d4   Code   RO          568    x$fpl$dsub          fz_ws.l(daddsub_clz.o)
    0x0000743c   0x0000743c   0x00000000   Code   RO          606    x$fpl$usenofp       fz_ws.l(usenofp.o)
    0x0000743c   0x0000743c   0x000005f0   Data   RO          261    .constdata          asciilib.o
    0x00007a2c   0x00007a2c   0x00000040   Data   RO          763    Region$$Table       anon$$obj.o


    Execution Region RW_IRAM1 (Exec base: 0x10000000, Load base: 0x00007a6c, Size: 0x00000398, Max: 0x00008000, ABSOLUTE)

    Exec Addr    Load Addr    Size         Type   Attr      Idx    E Section Name        Object

    0x10000000   0x00007a6c   0x00000008   Data   RW           17    .data               sample.o
    0x10000008   0x00007a74   0x00000005   Data   RW          102    .data               system_lpc17xx.o
    0x1000000d   0x00007a79   0x00000003   PAD
    0x10000010   0x00007a7c   0x00000004   Data   RW          129    .data               irq_timer.o
    0x10000014   0x00007a80   0x00000018   Data   RW          246    .data               board.o
    0x1000002c   0x00007a98   0x00000001   Data   RW          281    .data               glcd.o
    0x1000002d   0x00007a99   0x00000001   PAD
    0x1000002e   0x00007a9a   0x00000014   Data   RW          328    .data               touchpanel.o
    0x10000042   0x00007aae   0x00000002   PAD
    0x10000044   0x00007ab0   0x00000005   Data   RW          361    .data               irq_rit.o
    0x10000049   0x00007ab5   0x00000003   PAD
    0x1000004c        -       0x000002a4   Zero   RW          245    .bss                board.o
    0x100002f0        -       0x00000044   Zero   RW          327    .bss                touchpanel.o
    0x10000334        -       0x00000060   Zero   RW          635    .bss                c_w.l(libspace.o)
    0x10000394   0x00007ab5   0x00000004   PAD
    0x10000398        -       0x00000000   Zero   RW            2    HEAP                startup_lpc17xx.o


    Execution Region RW_IRAM2 (Exec base: 0x2007c000, Load base: 0x00007ab8, Size: 0x000003b0, Max: 0x00008000, ABSOLUTE, COMPRESSED[0x00000024])

    Exec Addr    Load Addr    Size         Type   Attr      Idx    E Section Name        Object

    0x2007c000   COMPRESSED   0x000001b0   Data   RW          207    .data               graphic.o
    0x2007c1b0        -       0x00000200   Zero   RW            1    STACK               startup_lpc17xx.o


==============================================================================

Image component sizes


      Code (inc. data)   RO Data    RW Data    ZI Data      Debug   Object Name

        32          6       1520          0          0        883   asciilib.o
      1292         32          0         24        676       2855   board.o
     16612        104          0          1          0      39951   glcd.o
      3456        300          0        432          0      33661   graphic.o
       136         16          0          0          0        873   irq_button.o
       152         22          0          5          0      27124   irq_rit.o
       396         76          0          4          0      17634   irq_timer.o
       204         20          0          0          0        870   lib_button.o
        36         10          0          0          0        384   lib_joystick.o
       148         14          0          0          0        952   lib_rit.o
       168          4          0          0          0       1352   lib_timer.o
        68          4          0          8          0       5082   sample.o
        56         22        204          0        512        916   startup_lpc17xx.o
       588         36          0          5          0        813   system_lpc17xx.o
      2424         70          0         20         68       5986   touchpanel.o

    ----------------------------------------------------------------------
     25768        736       1788        508       1256     139336   Object Totals
         0          0         64          0          0          0   (incl. Generated)
         0          0          0          9          0          0   (incl. Padding)

    ----------------------------------------------------------------------

      Code (inc. data)   RO Data    RW Data    ZI Data      Debug   Library Member Name

        90          0          0          0          0          0   __dczerorl2.o
         8          0          0          0          0         68   __main.o
       284          0          0          0          0        156   __printf_wp.o
         0          0          0          0          0          0   __rtentry.o
        12          0          0          0          0          0   __rtentry2.o
         6          0          0          0          0          0   __rtentry4.o
        52          8          0          0          0          0   __scatter.o
        26          0          0          0          0          0   __scatter_copy.o
        28          0          0          0          0          0   __scatter_zi.o
        48          6          0          0          0         96   _printf_char_common.o
         6          0          0          0          0          0   _printf_d.o
       120         16          0          0          0         92   _printf_dec.o
         6          0          0          0          0          0   _printf_i.o
       178          0          0          0          0         88   _printf_intcommon.o
        78          0          0          0          0        108   _printf_pad.o
         0          0          0          0          0          0   _printf_percent.o
         4          0          0          0          0          0   _printf_percent_end.o
        10          0          0          0          0         68   _sputc.o
        18          0          0          0          0         80   exit.o
         6          0          0          0          0        152   heapauxi.o
         0          0          0          0          0          0   indicate_semi.o
         2          0          0          0          0          0   libinit.o
         2          0          0          0          0          0   libinit2.o
         2          0          0          0          0          0   libshutdown.o
         2          0          0          0          0          0   libshutdown2.o
         8          4          0          0         96         68   libspace.o
        40          6          0          0          0         84   noretval__2sprintf.o
        78          0          0          0          0         80   rt_memclr_w.o
       138          0          0          0          0         68   rt_memcpy_v6.o
       100          0          0          0          0         80   rt_memcpy_w.o
         2          0          0          0          0          0   rtexit.o
        10          0          0          0          0          0   rtexit2.o
        12          4          0          0          0         68   sys_exit.o
        74          0          0          0          0         80   sys_stackheap_outer.o
         2          0          0          0          0         68   use_no_semi.o
       804         16          0          0          0        272   daddsub_clz.o
        24          0          0          0          0         68   dcmpi.o
       688        140          0          0          0        208   ddiv.o
       120          4          0          0          0         92   deqf.o
        90          4          0          0          0         92   dfixu.o
        84          0          0          0          0        136   dflt_clz.o
       340         12          0          0          0        104   dmul.o
       156          4          0          0          0         92   dnaninf.o
        12          0          0          0          0         68   dretinf.o
         0          0          0          0          0          0   usenofp.o

    ----------------------------------------------------------------------
      3784        224          0          0        100       2636   Library Totals
        14          0          0          0          4          0   (incl. Padding)

    ----------------------------------------------------------------------

      Code (inc. data)   RO Data    RW Data    ZI Data      Debug   Library Name

      1452         44          0          0         96       1504   c_w.l
      2318        180          0          0          0       1132   fz_ws.l

    ----------------------------------------------------------------------
      3784        224          0          0        100       2636   Library Totals

    ----------------------------------------------------------------------

==============================================================================


      Code (inc. data)   RO Data    RW Data    ZI Data      Debug   

     29552        960       1788        508       1356     139852   Grand Totals
     29552        960       1788        112       1356     139852   ELF Image Totals (compressed)
     29552        960       1788        112          0          0   ROM Totals

==============================================================================

    Total RO  Size (Code + RO Data)                31340 (  30.61kB)
    Total RW  Size (RW Data + ZI Data)              1864 (   1.82kB)
    Total ROM Size (Code + RO Data + RW Data)      31452 (  30.71kB)

==============================================================================

